******************************************************************************
                  TI ARM Linker PC v5.1.6                      
******************************************************************************
>> Linked Wed Jul 06 11:14:04 2016

OUTPUT FILE NAME:   <Hello2016.out>
ENTRY POINT SYMBOL: "_c_int00"  address: 00004f09


MEMORY CONFIGURATION

         name            origin    length      used     unused   attr    fill
----------------------  --------  ---------  --------  --------  ----  --------
  FLASH                 00000000   00100000  00005a5c  000fa5a4  R  X
  SRAM                  20000000   00040000  0000035d  0003fca3  RW X


SEGMENT ALLOCATION MAP

run origin  load origin   length   init length attrs members
----------  ----------- ---------- ----------- ----- -------
00000000    00000000    00005a60   00005a60    r-x
  00000000    00000000    00000208   00000208    r-- .intvecs
  00000208    00000208    00004fe0   00004fe0    r-x .text
  000051e8    000051e8    00000834   00000834    r-- .const
  00005a20    00005a20    00000040   00000040    r-- .cinit
20000000    20000000    00000360   00000000    rw-
  20000000    20000000    00000200   00000000    rw- .stack
  20000200    20000200    0000013d   00000000    rw- .bss
  20000340    20000340    00000020   00000000    rw- .data


SECTION ALLOCATION MAP

 output                                  attributes/
section   page    origin      length       input sections
--------  ----  ----------  ----------   ----------------
.intvecs   0    00000000    00000208     
                  00000000    00000208     tm4c1294ncpdt_startup_ccs.obj (.intvecs)

.init_array 
*          0    00000000    00000000     UNINITIALIZED

.text      0    00000208    00004fe0     
                  00000208    000019a4     TFT_400x240_OTM4001A_16bit.obj (.text)
                  00001bac    00001258     gamepage.obj (.text)
                  00002e04    00000ad0     select.obj (.text)
                  000038d4    0000054a     LED.obj (.text)
                  00003e1e    00000002     --HOLE-- [fill = 0]
                  00003e20    000003bc     Button.obj (.text)
                  000041dc    000002d4     rtsv7M4_T_le_v4SPD16_eabi.lib : trgdrv.obj (.text)
                  000044b0    000001fc     driverlib.lib : sysctl.obj (.text:SysCtlClockFreqSet)
                  000046ac    00000198     Calculate.obj (.text)
                  00004844    00000144     EPIinit.obj (.text)
                  00004988    00000130     driverlib.lib : gpio.obj (.text:GPIOPadConfigSet)
                  00004ab8    000000c4     timer.obj (.text)
                  00004b7c    0000009c     rtsv7M4_T_le_v4SPD16_eabi.lib : memcpy_t2.obj (.text)
                  00004c18    00000094                                   : auto_init.obj (.text)
                  00004cac    00000060     driverlib.lib : interrupt.obj (.text:IntEnable)
                  00004d0c    00000060     rtsv7M4_T_le_v4SPD16_eabi.lib : trgmsg.obj (.text)
                  00004d6c    0000005e                                   : copy_decompress_rle.obj (.text)
                  00004dca    00000002     --HOLE-- [fill = 0]
                  00004dcc    0000005c     driverlib.lib : timer.obj (.text:TimerConfigure)
                  00004e28    0000004c     main.obj (.text)
                  00004e74    0000004c     rtsv7M4_T_le_v4SPD16_eabi.lib : rand.obj (.text)
                  00004ec0    00000048     driverlib.lib : sysctl.obj (.text:_SysCtlFrequencyGet)
                  00004f08    00000048     rtsv7M4_T_le_v4SPD16_eabi.lib : boot.obj (.text)
                  00004f50    00000044                                   : cpy_tbl.obj (.text)
                  00004f94    00000044                                   : exit.obj (.text)
                  00004fd8    00000034     driverlib.lib : sysctl.obj (.text:SysCtlPeripheralEnable)
                  0000500c    00000030     Clock.obj (.text)
                  0000503c    0000002a     driverlib.lib : gpio.obj (.text:GPIODirModeSet)
                  00005066    00000022                   : epi.obj (.text:EPIConfigHB16Set)
                  00005088    0000001c                   : sysctl.obj (.text:SysCtlGPIOAHBEnable)
                  000050a4    0000001c                   : sysctl.obj (.text:_SysCtlMemTimingGet)
                  000050c0    00000018                   : gpio.obj (.text:GPIOPinTypeGPIOOutput)
                  000050d8    00000018     rtsv7M4_T_le_v4SPD16_eabi.lib : args_main.obj (.text)
                  000050f0    00000014                                   : _lock.obj (.text)
                  00005104    00000014                                   : strlen.obj (.text)
                  00005118    00000012     driverlib.lib : gpio.obj (.text:GPIOPinTypeEPI)
                  0000512a    00000012                   : gpio.obj (.text:GPIOPinTypeGPIOInput)
                  0000513c    00000012                   : timer.obj (.text:TimerLoadSet)
                  0000514e    00000012     rtsv7M4_T_le_v4SPD16_eabi.lib : copy_zero_init.obj (.text:decompress:ZI)
                  00005160    00000010                                   : strcpy.obj (.text)
                  00005170    0000000e     driverlib.lib : timer.obj (.text:TimerEnable)
                  0000517e    0000000e     rtsv7M4_T_le_v4SPD16_eabi.lib : copy_decompress_none.obj (.text:decompress:none)
                  0000518c    0000000e                                   : time.obj (.text)
                  0000519a    0000000c     driverlib.lib : cpu.obj (.text:CPUcpsie)
                  000051a6    0000000c     tm4c1294ncpdt_startup_ccs.obj (.text)
                  000051b2    0000000a     driverlib.lib : interrupt.obj (.text:IntMasterEnable)
                  000051bc    00000008                   : timer.obj (.text:TimerIntEnable)
                  000051c4    00000006                   : gpio.obj (.text:GPIOPinRead)
                  000051ca    00000006                   : gpio.obj (.text:GPIOPinWrite)
                  000051d0    00000006                   : sysctl.obj (.text:SysCtlDelay)
                  000051d6    00000006     rtsv7M4_T_le_v4SPD16_eabi.lib : copy_decompress_rle.obj (.text:decompress:rle24)
                  000051dc    00000004     driverlib.lib : epi.obj (.text:EPIAddressMapSet)
                  000051e0    00000004                   : epi.obj (.text:EPIModeSet)
                  000051e4    00000004                   : timer.obj (.text:TimerIntClear)

.const     0    000051e8    00000834     
                  000051e8    00000600     TFT_400x240_OTM4001A_16bit.obj (.const:asc2_1608)
                  000057e8    00000120     driverlib.lib : sysctl.obj (.const:g_pppui32XTALtoVCO)
                  00005908    00000070                   : interrupt.obj (.const)
                  00005978    0000006c                   : sysctl.obj (.const:g_pui32Xtals)
                  000059e4    00000030                   : sysctl.obj (.const:g_sXTALtoMEMTIM)
                  00005a14    00000008                   : sysctl.obj (.const)

.cinit     0    00005a20    00000040     
                  00005a20    0000001b     (.cinit..data.load) [load image, compression = rle]
                  00005a3b    00000001     --HOLE-- [fill = 0]
                  00005a3c    0000000c     (__TI_handler_table)
                  00005a48    00000008     (.cinit..bss.load) [load image, compression = zero_init]
                  00005a50    00000010     (__TI_cinit_table)

.stack     0    20000000    00000200     UNINITIALIZED
                  20000000    00000200     --HOLE--

.bss       0    20000200    0000013d     UNINITIALIZED
                  20000200    00000120     rtsv7M4_T_le_v4SPD16_eabi.lib : trgmsg.obj (.bss:__CIOBUF_)
                  20000320    00000008     (.common:parmbuf)
                  20000328    00000004     (.common:bitB)
                  2000032c    00000004     (.common:levelNo)
                  20000330    00000004     (.common:timer)
                  20000334    00000002     (.common:gate)
                  20000336    00000001     (.common:Ans)
                  20000337    00000001     (.common:TimerCounter)
                  20000338    00000001     (.common:bitA)
                  20000339    00000001     (.common:i)
                  2000033a    00000001     (.common:next_home)
                  2000033b    00000001     (.common:state)
                  2000033c    00000001     (.common:welcome_t)

.data      0    20000340    00000020     UNINITIALIZED
                  20000340    00000008     TFT_400x240_OTM4001A_16bit.obj (.data)
                  20000348    00000008     rtsv7M4_T_le_v4SPD16_eabi.lib : _lock.obj (.data)
                  20000350    00000008                                   : exit.obj (.data)
                  20000358    00000004                                   : rand.obj (.data)
                  2000035c    00000004                                   : stkdepth_vars.obj (.data)


LINKER GENERATED COPY TABLES

__TI_cinit_table @ 00005a50 records: 2, size/record: 8, table size: 16
	.data: load addr=00005a20, load size=0000001b bytes, run addr=20000340, run size=00000020 bytes, compression=rle
	.bss: load addr=00005a48, load size=00000008 bytes, run addr=20000200, run size=0000013d bytes, compression=zero_init


LINKER GENERATED HANDLER TABLE

__TI_handler_table @ 00005a3c records: 3, size/record: 4, table size: 12
	index: 0, handler: __TI_decompress_rle24
	index: 1, handler: __TI_decompress_none
	index: 2, handler: __TI_zero_init


GLOBAL SYMBOLS: SORTED ALPHABETICALLY BY Name 

address    name
--------   ----
20000336   Ans
00003e21   Button_Init
00003e73   Button_Scan
00003fbd   Button_SearchKeyValue
000040d5   Button_run
00004f95   C$$EXIT
00004d37   C$$IO$$
0000519b   CPUcpsie
0000500d   Clock_Init
00005019   Delay
000051dd   EPIAddressMapSet
00005067   EPIConfigHB16Set
00004845   EPIGPIOinit
000051e1   EPIModeSet
0000503d   GPIODirModeSet
00004989   GPIOPadConfigSet
000051c5   GPIOPinRead
00005119   GPIOPinTypeEPI
0000512b   GPIOPinTypeGPIOInput
000050c1   GPIOPinTypeGPIOOutput
000051cb   GPIOPinWrite
00004469   HOSTclock
00004431   HOSTclose
000043f3   HOSTgetenv
00004397   HOSTlseek
00004345   HOSTopen
000042f9   HOSTread
0000429b   HOSTrename
00004261   HOSTtime
00004229   HOSTunlink
000041dd   HOSTwrite
00000295   InitGPIOLCDInterface
00004cad   IntEnable
000051b3   IntMasterEnable
000038d5   LED_Init
00003a13   LED_OFF
00003973   LED_ON
000051a7   ResetISR
UNDEFED    SHT$$INIT_ARRAY$$Base
UNDEFED    SHT$$INIT_ARRAY$$Limit
000044b1   SysCtlClockFreqSet
000051d1   SysCtlDelay
00005089   SysCtlGPIOAHBEnable
00004fd9   SysCtlPeripheralEnable
00000e6f   TFTLCD_CLEAR
00001247   TFTLCD_ColorChangeChar
0000103d   TFTLCD_DrawHorizontalLine
00000d59   TFTLCD_DrawPoint
00001087   TFTLCD_DrawVerticalLine
00000353   TFTLCD_EnterSleep
000003d3   TFTLCD_ExitSleep
00000ec5   TFTLCD_FillBlock
00000c8d   TFTLCD_REFRESH_GRAM
00000ca1   TFTLCD_SetPos
00000d7b   TFTLCD_ShowChar
00000f2d   TFTLCD_ShowData
000010d5   TFTLCD_ShowPicture
00000e0b   TFTLCD_ShowString
00001201   TFTLCD_TwinkleString
00001771   TFTLCD_showButton
00001291   TFTLCD_showLed
00000489   TFT_400x240_OTM4001Ainit
00004b31   TIMER0B_Handler
00004dcd   TimerConfigure
20000337   TimerCounter
00005171   TimerEnable
000051e5   TimerIntClear
000051bd   TimerIntEnable
0000513d   TimerLoadSet
00004ab9   Timer_Init
20000344   WriteCommand
20000340   WriteData
20000200   __CIOBUF_
20000200   __STACK_END
00000200   __STACK_SIZE
20000200   __STACK_TOP
00005a50   __TI_CINIT_Base
00005a60   __TI_CINIT_Limit
00005a3c   __TI_Handler_Table_Base
00005a48   __TI_Handler_Table_Limit
00000001   __TI_args_main
00004c19   __TI_auto_init
20000350   __TI_cleanup_ptr
0000517f   __TI_decompress_none
000051d7   __TI_decompress_rle24
20000354   __TI_dtors_ptr
00004d3b   __TI_readmsg
00000000   __TI_static_base__
00004d0d   __TI_writemsg
0000514f   __TI_zero_init
00004b7d   __aeabi_memcpy
00004b7d   __aeabi_memcpy4
00004b7d   __aeabi_memcpy8
ffffffff   __binit__
ffffffff   __c_args__
20000000   __stack
000050d9   _args_main
00004f09   _c_int00
20000348   _lock
000050ff   _nop
000050f7   _register_lock
000050f1   _register_unlock
2000034c   _unlock
00004f99   abort
000051e8   asc2_1608
0000481d   binary_decimalism
ffffffff   binit
20000338   bitA
000046d1   bitAdd
20000328   bitB
000046ad   bitCheck
000046ef   bitDel
000031f1   button10
00003841   button11
000036e3   button13
00002e05   button14
0000387d   button15
000037c9   button3
00003605   button5
00003149   button6
00003805   button7
000033dd   button9
00003929   buzzer_change
00003903   buzzer_run
0000470d   carry
00004739   carry_Clock
00004f51   copy_in
00002b7d   drawled_Ans
00004fa1   exit
00000000   g_pfnVectors
20000334   gate
20000339   i
00003ab3   led0
00003ac7   led1
00003adb   led2
00003aef   led3
00003b03   led4
00003b17   led5
00003b2b   led6
00003b3f   led7
00003ce7   led_A16
00003bbb   ledbilibili
00003b53   ledclose
00003b87   ledon
00003c2d   ledrun
2000032c   levelNo
00004e29   main
2000035c   main_func_sp
00004b7d   memcpy
2000033a   next_home
00001ed9   page_game
00001bad   page_home
00001c81   page_selectLevel
00004e8b   rand
000047ff   rand16
00004e75   srand
2000033b   state
00005161   strcpy
00005105   strlen
0000518d   time
20000330   timer
000020c5   video_tutorial
0000278d   video_tutorial_Init
2000033c   welcome_t


GLOBAL SYMBOLS: SORTED BY Symbol Address 

address    name
--------   ----
00000000   __TI_static_base__
00000000   g_pfnVectors
00000001   __TI_args_main
00000200   __STACK_SIZE
00000295   InitGPIOLCDInterface
00000353   TFTLCD_EnterSleep
000003d3   TFTLCD_ExitSleep
00000489   TFT_400x240_OTM4001Ainit
00000c8d   TFTLCD_REFRESH_GRAM
00000ca1   TFTLCD_SetPos
00000d59   TFTLCD_DrawPoint
00000d7b   TFTLCD_ShowChar
00000e0b   TFTLCD_ShowString
00000e6f   TFTLCD_CLEAR
00000ec5   TFTLCD_FillBlock
00000f2d   TFTLCD_ShowData
0000103d   TFTLCD_DrawHorizontalLine
00001087   TFTLCD_DrawVerticalLine
000010d5   TFTLCD_ShowPicture
00001201   TFTLCD_TwinkleString
00001247   TFTLCD_ColorChangeChar
00001291   TFTLCD_showLed
00001771   TFTLCD_showButton
00001bad   page_home
00001c81   page_selectLevel
00001ed9   page_game
000020c5   video_tutorial
0000278d   video_tutorial_Init
00002b7d   drawled_Ans
00002e05   button14
00003149   button6
000031f1   button10
000033dd   button9
00003605   button5
000036e3   button13
000037c9   button3
00003805   button7
00003841   button11
0000387d   button15
000038d5   LED_Init
00003903   buzzer_run
00003929   buzzer_change
00003973   LED_ON
00003a13   LED_OFF
00003ab3   led0
00003ac7   led1
00003adb   led2
00003aef   led3
00003b03   led4
00003b17   led5
00003b2b   led6
00003b3f   led7
00003b53   ledclose
00003b87   ledon
00003bbb   ledbilibili
00003c2d   ledrun
00003ce7   led_A16
00003e21   Button_Init
00003e73   Button_Scan
00003fbd   Button_SearchKeyValue
000040d5   Button_run
000041dd   HOSTwrite
00004229   HOSTunlink
00004261   HOSTtime
0000429b   HOSTrename
000042f9   HOSTread
00004345   HOSTopen
00004397   HOSTlseek
000043f3   HOSTgetenv
00004431   HOSTclose
00004469   HOSTclock
000044b1   SysCtlClockFreqSet
000046ad   bitCheck
000046d1   bitAdd
000046ef   bitDel
0000470d   carry
00004739   carry_Clock
000047ff   rand16
0000481d   binary_decimalism
00004845   EPIGPIOinit
00004989   GPIOPadConfigSet
00004ab9   Timer_Init
00004b31   TIMER0B_Handler
00004b7d   __aeabi_memcpy
00004b7d   __aeabi_memcpy4
00004b7d   __aeabi_memcpy8
00004b7d   memcpy
00004c19   __TI_auto_init
00004cad   IntEnable
00004d0d   __TI_writemsg
00004d37   C$$IO$$
00004d3b   __TI_readmsg
00004dcd   TimerConfigure
00004e29   main
00004e75   srand
00004e8b   rand
00004f09   _c_int00
00004f51   copy_in
00004f95   C$$EXIT
00004f99   abort
00004fa1   exit
00004fd9   SysCtlPeripheralEnable
0000500d   Clock_Init
00005019   Delay
0000503d   GPIODirModeSet
00005067   EPIConfigHB16Set
00005089   SysCtlGPIOAHBEnable
000050c1   GPIOPinTypeGPIOOutput
000050d9   _args_main
000050f1   _register_unlock
000050f7   _register_lock
000050ff   _nop
00005105   strlen
00005119   GPIOPinTypeEPI
0000512b   GPIOPinTypeGPIOInput
0000513d   TimerLoadSet
0000514f   __TI_zero_init
00005161   strcpy
00005171   TimerEnable
0000517f   __TI_decompress_none
0000518d   time
0000519b   CPUcpsie
000051a7   ResetISR
000051b3   IntMasterEnable
000051bd   TimerIntEnable
000051c5   GPIOPinRead
000051cb   GPIOPinWrite
000051d1   SysCtlDelay
000051d7   __TI_decompress_rle24
000051dd   EPIAddressMapSet
000051e1   EPIModeSet
000051e5   TimerIntClear
000051e8   asc2_1608
00005a3c   __TI_Handler_Table_Base
00005a48   __TI_Handler_Table_Limit
00005a50   __TI_CINIT_Base
00005a60   __TI_CINIT_Limit
20000000   __stack
20000200   __CIOBUF_
20000200   __STACK_END
20000200   __STACK_TOP
20000328   bitB
2000032c   levelNo
20000330   timer
20000334   gate
20000336   Ans
20000337   TimerCounter
20000338   bitA
20000339   i
2000033a   next_home
2000033b   state
2000033c   welcome_t
20000340   WriteData
20000344   WriteCommand
20000348   _lock
2000034c   _unlock
20000350   __TI_cleanup_ptr
20000354   __TI_dtors_ptr
2000035c   main_func_sp
ffffffff   __binit__
ffffffff   __c_args__
ffffffff   binit
UNDEFED    SHT$$INIT_ARRAY$$Base
UNDEFED    SHT$$INIT_ARRAY$$Limit

[164 symbols]
