<?xml version="1.0"?>
<link_info>
   <banner>TI ARM Linker PC v5.1.6</banner>
   <copyright>Copyright (c) 1996-2014 Texas Instruments Incorporated</copyright>
   <link_time>0x577c777c</link_time>
   <link_errors>0x0</link_errors>
   <output_file>Hello2016.out</output_file>
   <entry_point>
      <name>_c_int00</name>
      <address>0x4f09</address>
   </entry_point>
   <input_file_list>
      <input_file id="fl-2">
         <path>.\</path>
         <kind>object</kind>
         <file>main.obj</file>
         <name>main.obj</name>
      </input_file>
      <input_file id="fl-3">
         <path>.\</path>
         <kind>object</kind>
         <file>tm4c1294ncpdt_startup_ccs.obj</file>
         <name>tm4c1294ncpdt_startup_ccs.obj</name>
      </input_file>
      <input_file id="fl-4">
         <path>.\User\</path>
         <kind>object</kind>
         <file>Button.obj</file>
         <name>Button.obj</name>
      </input_file>
      <input_file id="fl-5">
         <path>.\User\</path>
         <kind>object</kind>
         <file>Calculate.obj</file>
         <name>Calculate.obj</name>
      </input_file>
      <input_file id="fl-6">
         <path>.\User\</path>
         <kind>object</kind>
         <file>Clock.obj</file>
         <name>Clock.obj</name>
      </input_file>
      <input_file id="fl-7">
         <path>.\User\</path>
         <kind>object</kind>
         <file>LED.obj</file>
         <name>LED.obj</name>
      </input_file>
      <input_file id="fl-8">
         <path>.\User\</path>
         <kind>object</kind>
         <file>gamepage.obj</file>
         <name>gamepage.obj</name>
      </input_file>
      <input_file id="fl-9">
         <path>.\User\</path>
         <kind>object</kind>
         <file>select.obj</file>
         <name>select.obj</name>
      </input_file>
      <input_file id="fl-a">
         <path>.\User\</path>
         <kind>object</kind>
         <file>timer.obj</file>
         <name>timer.obj</name>
      </input_file>
      <input_file id="fl-b">
         <path>.\TOUCHinit\</path>
         <kind>object</kind>
         <file>TOUCH_TSC2046.obj</file>
         <name>TOUCH_TSC2046.obj</name>
      </input_file>
      <input_file id="fl-c">
         <path>.\TFTinit\</path>
         <kind>object</kind>
         <file>TFT_400x240_OTM4001A_16bit.obj</file>
         <name>TFT_400x240_OTM4001A_16bit.obj</name>
      </input_file>
      <input_file id="fl-d">
         <path>.\EPIinit\</path>
         <kind>object</kind>
         <file>EPIinit.obj</file>
         <name>EPIinit.obj</name>
      </input_file>
      <input_file id="fl-13b">
         <path>c:\ti\ccsv6\tools\compiler\arm_5.1.6\lib\</path>
         <kind>archive</kind>
         <file>rtsv7M4_T_le_v4SPD16_eabi.lib</file>
         <name>boot.obj</name>
      </input_file>
      <input_file id="fl-13c">
         <path>c:\ti\ccsv6\tools\compiler\arm_5.1.6\lib\</path>
         <kind>archive</kind>
         <file>rtsv7M4_T_le_v4SPD16_eabi.lib</file>
         <name>copy_decompress_none.obj</name>
      </input_file>
      <input_file id="fl-13d">
         <path>c:\ti\ccsv6\tools\compiler\arm_5.1.6\lib\</path>
         <kind>archive</kind>
         <file>rtsv7M4_T_le_v4SPD16_eabi.lib</file>
         <name>copy_decompress_rle.obj</name>
      </input_file>
      <input_file id="fl-13e">
         <path>c:\ti\ccsv6\tools\compiler\arm_5.1.6\lib\</path>
         <kind>archive</kind>
         <file>rtsv7M4_T_le_v4SPD16_eabi.lib</file>
         <name>copy_zero_init.obj</name>
      </input_file>
      <input_file id="fl-13f">
         <path>c:\ti\ccsv6\tools\compiler\arm_5.1.6\lib\</path>
         <kind>archive</kind>
         <file>rtsv7M4_T_le_v4SPD16_eabi.lib</file>
         <name>exit.obj</name>
      </input_file>
      <input_file id="fl-140">
         <path>c:\ti\ccsv6\tools\compiler\arm_5.1.6\lib\</path>
         <kind>archive</kind>
         <file>rtsv7M4_T_le_v4SPD16_eabi.lib</file>
         <name>memcpy_t2.obj</name>
      </input_file>
      <input_file id="fl-141">
         <path>c:\ti\ccsv6\tools\compiler\arm_5.1.6\lib\</path>
         <kind>archive</kind>
         <file>rtsv7M4_T_le_v4SPD16_eabi.lib</file>
         <name>rand.obj</name>
      </input_file>
      <input_file id="fl-142">
         <path>c:\ti\ccsv6\tools\compiler\arm_5.1.6\lib\</path>
         <kind>archive</kind>
         <file>rtsv7M4_T_le_v4SPD16_eabi.lib</file>
         <name>stkdepth_vars.obj</name>
      </input_file>
      <input_file id="fl-143">
         <path>c:\ti\ccsv6\tools\compiler\arm_5.1.6\lib\</path>
         <kind>archive</kind>
         <file>rtsv7M4_T_le_v4SPD16_eabi.lib</file>
         <name>time.obj</name>
      </input_file>
      <input_file id="fl-144">
         <path>c:\ti\ccsv6\tools\compiler\arm_5.1.6\lib\</path>
         <kind>archive</kind>
         <file>rtsv7M4_T_le_v4SPD16_eabi.lib</file>
         <name>trgdrv.obj</name>
      </input_file>
      <input_file id="fl-145">
         <path>c:\ti\ccsv6\tools\compiler\arm_5.1.6\lib\</path>
         <kind>archive</kind>
         <file>rtsv7M4_T_le_v4SPD16_eabi.lib</file>
         <name>trgmsg.obj</name>
      </input_file>
      <input_file id="fl-146">
         <path>c:\ti\ccsv6\tools\compiler\arm_5.1.6\lib\</path>
         <kind>archive</kind>
         <file>rtsv7M4_T_le_v4SPD16_eabi.lib</file>
         <name>_lock.obj</name>
      </input_file>
      <input_file id="fl-147">
         <path>c:\ti\ccsv6\tools\compiler\arm_5.1.6\lib\</path>
         <kind>archive</kind>
         <file>rtsv7M4_T_le_v4SPD16_eabi.lib</file>
         <name>args_main.obj</name>
      </input_file>
      <input_file id="fl-148">
         <path>c:\ti\ccsv6\tools\compiler\arm_5.1.6\lib\</path>
         <kind>archive</kind>
         <file>rtsv7M4_T_le_v4SPD16_eabi.lib</file>
         <name>auto_init.obj</name>
      </input_file>
      <input_file id="fl-149">
         <path>c:\ti\ccsv6\tools\compiler\arm_5.1.6\lib\</path>
         <kind>archive</kind>
         <file>rtsv7M4_T_le_v4SPD16_eabi.lib</file>
         <name>cpy_tbl.obj</name>
      </input_file>
      <input_file id="fl-14a">
         <path>c:\ti\ccsv6\tools\compiler\arm_5.1.6\lib\</path>
         <kind>archive</kind>
         <file>rtsv7M4_T_le_v4SPD16_eabi.lib</file>
         <name>strcpy.obj</name>
      </input_file>
      <input_file id="fl-14b">
         <path>c:\ti\ccsv6\tools\compiler\arm_5.1.6\lib\</path>
         <kind>archive</kind>
         <file>rtsv7M4_T_le_v4SPD16_eabi.lib</file>
         <name>strlen.obj</name>
      </input_file>
      <input_file id="fl-14c">
         <path>C:\ti\TivaWare_C_Series-2.1.0.12573\driverlib\ccs\Debug\</path>
         <kind>archive</kind>
         <file>driverlib.lib</file>
         <name>timer.obj</name>
      </input_file>
      <input_file id="fl-14d">
         <path>C:\ti\TivaWare_C_Series-2.1.0.12573\driverlib\ccs\Debug\</path>
         <kind>archive</kind>
         <file>driverlib.lib</file>
         <name>sysctl.obj</name>
      </input_file>
      <input_file id="fl-14e">
         <path>C:\ti\TivaWare_C_Series-2.1.0.12573\driverlib\ccs\Debug\</path>
         <kind>archive</kind>
         <file>driverlib.lib</file>
         <name>ssi.obj</name>
      </input_file>
      <input_file id="fl-14f">
         <path>C:\ti\TivaWare_C_Series-2.1.0.12573\driverlib\ccs\Debug\</path>
         <kind>archive</kind>
         <file>driverlib.lib</file>
         <name>interrupt.obj</name>
      </input_file>
      <input_file id="fl-150">
         <path>C:\ti\TivaWare_C_Series-2.1.0.12573\driverlib\ccs\Debug\</path>
         <kind>archive</kind>
         <file>driverlib.lib</file>
         <name>gpio.obj</name>
      </input_file>
      <input_file id="fl-151">
         <path>C:\ti\TivaWare_C_Series-2.1.0.12573\driverlib\ccs\Debug\</path>
         <kind>archive</kind>
         <file>driverlib.lib</file>
         <name>epi.obj</name>
      </input_file>
      <input_file id="fl-152">
         <path>C:\ti\TivaWare_C_Series-2.1.0.12573\driverlib\ccs\Debug\</path>
         <kind>archive</kind>
         <file>driverlib.lib</file>
         <name>cpu.obj</name>
      </input_file>
   </input_file_list>
   <object_component_list>
      <object_component id="oc-e">
         <name>.intvecs</name>
         <load_address>0x0</load_address>
         <run_address>0x0</run_address>
         <size>0x208</size>
         <input_file_ref idref="fl-3"/>
      </object_component>
      <object_component id="oc-152">
         <name>.text</name>
         <load_address>0x208</load_address>
         <run_address>0x208</run_address>
         <size>0x19a4</size>
         <input_file_ref idref="fl-c"/>
      </object_component>
      <object_component id="oc-158">
         <name>.text</name>
         <load_address>0x1bac</load_address>
         <run_address>0x1bac</run_address>
         <size>0x1258</size>
         <input_file_ref idref="fl-8"/>
      </object_component>
      <object_component id="oc-12d">
         <name>.text</name>
         <load_address>0x2e04</load_address>
         <run_address>0x2e04</run_address>
         <size>0xad0</size>
         <input_file_ref idref="fl-9"/>
      </object_component>
      <object_component id="oc-127">
         <name>.text</name>
         <load_address>0x38d4</load_address>
         <run_address>0x38d4</run_address>
         <size>0x54a</size>
         <input_file_ref idref="fl-7"/>
      </object_component>
      <object_component id="oc-98">
         <name>.text</name>
         <load_address>0x3e20</load_address>
         <run_address>0x3e20</run_address>
         <size>0x3bc</size>
         <input_file_ref idref="fl-4"/>
      </object_component>
      <object_component id="oc-238">
         <name>.text</name>
         <load_address>0x41dc</load_address>
         <run_address>0x41dc</run_address>
         <size>0x2d4</size>
         <input_file_ref idref="fl-144"/>
      </object_component>
      <object_component id="oc-146">
         <name>.text:SysCtlClockFreqSet</name>
         <load_address>0x44b0</load_address>
         <run_address>0x44b0</run_address>
         <size>0x1fc</size>
         <input_file_ref idref="fl-14d"/>
      </object_component>
      <object_component id="oc-196">
         <name>.text</name>
         <load_address>0x46ac</load_address>
         <run_address>0x46ac</run_address>
         <size>0x198</size>
         <input_file_ref idref="fl-5"/>
      </object_component>
      <object_component id="oc-14c">
         <name>.text</name>
         <load_address>0x4844</load_address>
         <run_address>0x4844</run_address>
         <size>0x144</size>
         <input_file_ref idref="fl-d"/>
      </object_component>
      <object_component id="oc-188">
         <name>.text:GPIOPadConfigSet</name>
         <load_address>0x4988</load_address>
         <run_address>0x4988</run_address>
         <size>0x130</size>
         <input_file_ref idref="fl-150"/>
      </object_component>
      <object_component id="oc-2f">
         <name>.text</name>
         <load_address>0x4ab8</load_address>
         <run_address>0x4ab8</run_address>
         <size>0xc4</size>
         <input_file_ref idref="fl-a"/>
      </object_component>
      <object_component id="oc-4d">
         <name>.text</name>
         <load_address>0x4b7c</load_address>
         <run_address>0x4b7c</run_address>
         <size>0x9c</size>
         <input_file_ref idref="fl-140"/>
      </object_component>
      <object_component id="oc-38">
         <name>.text</name>
         <load_address>0x4c18</load_address>
         <run_address>0x4c18</run_address>
         <size>0x94</size>
         <input_file_ref idref="fl-148"/>
      </object_component>
      <object_component id="oc-8c">
         <name>.text:IntEnable</name>
         <load_address>0x4cac</load_address>
         <run_address>0x4cac</run_address>
         <size>0x60</size>
         <input_file_ref idref="fl-14f"/>
      </object_component>
      <object_component id="oc-255">
         <name>.text</name>
         <load_address>0x4d0c</load_address>
         <run_address>0x4d0c</run_address>
         <size>0x60</size>
         <input_file_ref idref="fl-145"/>
      </object_component>
      <object_component id="oc-60">
         <name>.text</name>
         <load_address>0x4d6c</load_address>
         <run_address>0x4d6c</run_address>
         <size>0x5e</size>
         <input_file_ref idref="fl-13d"/>
      </object_component>
      <object_component id="oc-74">
         <name>.text:TimerConfigure</name>
         <load_address>0x4dcc</load_address>
         <run_address>0x4dcc</run_address>
         <size>0x5c</size>
         <input_file_ref idref="fl-14c"/>
      </object_component>
      <object_component id="oc-c7">
         <name>.text</name>
         <load_address>0x4e28</load_address>
         <run_address>0x4e28</run_address>
         <size>0x4c</size>
         <input_file_ref idref="fl-2"/>
      </object_component>
      <object_component id="oc-20f">
         <name>.text</name>
         <load_address>0x4e74</load_address>
         <run_address>0x4e74</run_address>
         <size>0x4c</size>
         <input_file_ref idref="fl-141"/>
      </object_component>
      <object_component id="oc-1ba">
         <name>.text:_SysCtlFrequencyGet</name>
         <load_address>0x4ec0</load_address>
         <run_address>0x4ec0</run_address>
         <size>0x48</size>
         <input_file_ref idref="fl-14d"/>
      </object_component>
      <object_component id="oc-11">
         <name>.text</name>
         <load_address>0x4f08</load_address>
         <run_address>0x4f08</run_address>
         <size>0x48</size>
         <input_file_ref idref="fl-13b"/>
      </object_component>
      <object_component id="oc-c0">
         <name>.text</name>
         <load_address>0x4f50</load_address>
         <run_address>0x4f50</run_address>
         <size>0x44</size>
         <input_file_ref idref="fl-149"/>
      </object_component>
      <object_component id="oc-43">
         <name>.text</name>
         <load_address>0x4f94</load_address>
         <run_address>0x4f94</run_address>
         <size>0x44</size>
         <input_file_ref idref="fl-13f"/>
      </object_component>
      <object_component id="oc-6e">
         <name>.text:SysCtlPeripheralEnable</name>
         <load_address>0x4fd8</load_address>
         <run_address>0x4fd8</run_address>
         <size>0x34</size>
         <input_file_ref idref="fl-14d"/>
      </object_component>
      <object_component id="oc-11b">
         <name>.text</name>
         <load_address>0x500c</load_address>
         <run_address>0x500c</run_address>
         <size>0x30</size>
         <input_file_ref idref="fl-6"/>
      </object_component>
      <object_component id="oc-182">
         <name>.text:GPIODirModeSet</name>
         <load_address>0x503c</load_address>
         <run_address>0x503c</run_address>
         <size>0x2a</size>
         <input_file_ref idref="fl-150"/>
      </object_component>
      <object_component id="oc-1d6">
         <name>.text:EPIConfigHB16Set</name>
         <load_address>0x5066</load_address>
         <run_address>0x5066</run_address>
         <size>0x22</size>
         <input_file_ref idref="fl-151"/>
      </object_component>
      <object_component id="oc-1e3">
         <name>.text:SysCtlGPIOAHBEnable</name>
         <load_address>0x5088</load_address>
         <run_address>0x5088</run_address>
         <size>0x1c</size>
         <input_file_ref idref="fl-14d"/>
      </object_component>
      <object_component id="oc-1b4">
         <name>.text:_SysCtlMemTimingGet</name>
         <load_address>0x50a4</load_address>
         <run_address>0x50a4</run_address>
         <size>0x1c</size>
         <input_file_ref idref="fl-14d"/>
      </object_component>
      <object_component id="oc-10f">
         <name>.text:GPIOPinTypeGPIOOutput</name>
         <load_address>0x50c0</load_address>
         <run_address>0x50c0</run_address>
         <size>0x18</size>
         <input_file_ref idref="fl-150"/>
      </object_component>
      <object_component id="oc-3d">
         <name>.text</name>
         <load_address>0x50d8</load_address>
         <run_address>0x50d8</run_address>
         <size>0x18</size>
         <input_file_ref idref="fl-147"/>
      </object_component>
      <object_component id="oc-166">
         <name>.text</name>
         <load_address>0x50f0</load_address>
         <run_address>0x50f0</run_address>
         <size>0x14</size>
         <input_file_ref idref="fl-146"/>
      </object_component>
      <object_component id="oc-25b">
         <name>.text</name>
         <load_address>0x5104</load_address>
         <run_address>0x5104</run_address>
         <size>0x14</size>
         <input_file_ref idref="fl-14b"/>
      </object_component>
      <object_component id="oc-1ca">
         <name>.text:GPIOPinTypeEPI</name>
         <load_address>0x5118</load_address>
         <run_address>0x5118</run_address>
         <size>0x12</size>
         <input_file_ref idref="fl-150"/>
      </object_component>
      <object_component id="oc-109">
         <name>.text:GPIOPinTypeGPIOInput</name>
         <load_address>0x512a</load_address>
         <run_address>0x512a</run_address>
         <size>0x12</size>
         <input_file_ref idref="fl-150"/>
      </object_component>
      <object_component id="oc-7a">
         <name>.text:TimerLoadSet</name>
         <load_address>0x513c</load_address>
         <run_address>0x513c</run_address>
         <size>0x12</size>
         <input_file_ref idref="fl-14c"/>
      </object_component>
      <object_component id="oc-1c">
         <name>.text:decompress:ZI</name>
         <load_address>0x514e</load_address>
         <run_address>0x514e</run_address>
         <size>0x12</size>
         <input_file_ref idref="fl-13e"/>
      </object_component>
      <object_component id="oc-261">
         <name>.text</name>
         <load_address>0x5160</load_address>
         <run_address>0x5160</run_address>
         <size>0x10</size>
         <input_file_ref idref="fl-14a"/>
      </object_component>
      <object_component id="oc-92">
         <name>.text:TimerEnable</name>
         <load_address>0x5170</load_address>
         <run_address>0x5170</run_address>
         <size>0xe</size>
         <input_file_ref idref="fl-14c"/>
      </object_component>
      <object_component id="oc-16">
         <name>.text:decompress:none</name>
         <load_address>0x517e</load_address>
         <run_address>0x517e</run_address>
         <size>0xe</size>
         <input_file_ref idref="fl-13c"/>
      </object_component>
      <object_component id="oc-209">
         <name>.text</name>
         <load_address>0x518c</load_address>
         <run_address>0x518c</run_address>
         <size>0xe</size>
         <input_file_ref idref="fl-143"/>
      </object_component>
      <object_component id="oc-f6">
         <name>.text:CPUcpsie</name>
         <load_address>0x519a</load_address>
         <run_address>0x519a</run_address>
         <size>0xc</size>
         <input_file_ref idref="fl-152"/>
      </object_component>
      <object_component id="oc-29">
         <name>.text</name>
         <load_address>0x51a6</load_address>
         <run_address>0x51a6</run_address>
         <size>0xc</size>
         <input_file_ref idref="fl-3"/>
      </object_component>
      <object_component id="oc-80">
         <name>.text:IntMasterEnable</name>
         <load_address>0x51b2</load_address>
         <run_address>0x51b2</run_address>
         <size>0xa</size>
         <input_file_ref idref="fl-14f"/>
      </object_component>
      <object_component id="oc-86">
         <name>.text:TimerIntEnable</name>
         <load_address>0x51bc</load_address>
         <run_address>0x51bc</run_address>
         <size>0x8</size>
         <input_file_ref idref="fl-14c"/>
      </object_component>
      <object_component id="oc-121">
         <name>.text:GPIOPinRead</name>
         <load_address>0x51c4</load_address>
         <run_address>0x51c4</run_address>
         <size>0x6</size>
         <input_file_ref idref="fl-150"/>
      </object_component>
      <object_component id="oc-115">
         <name>.text:GPIOPinWrite</name>
         <load_address>0x51ca</load_address>
         <run_address>0x51ca</run_address>
         <size>0x6</size>
         <input_file_ref idref="fl-150"/>
      </object_component>
      <object_component id="oc-192">
         <name>.text:SysCtlDelay</name>
         <load_address>0x51d0</load_address>
         <run_address>0x51d0</run_address>
         <size>0x6</size>
         <input_file_ref idref="fl-14d"/>
      </object_component>
      <object_component id="oc-22">
         <name>.text:decompress:rle24</name>
         <load_address>0x51d6</load_address>
         <run_address>0x51d6</run_address>
         <size>0x6</size>
         <input_file_ref idref="fl-13d"/>
      </object_component>
      <object_component id="oc-1dc">
         <name>.text:EPIAddressMapSet</name>
         <load_address>0x51dc</load_address>
         <run_address>0x51dc</run_address>
         <size>0x4</size>
         <input_file_ref idref="fl-151"/>
      </object_component>
      <object_component id="oc-1d0">
         <name>.text:EPIModeSet</name>
         <load_address>0x51e0</load_address>
         <run_address>0x51e0</run_address>
         <size>0x4</size>
         <input_file_ref idref="fl-151"/>
      </object_component>
      <object_component id="oc-9e">
         <name>.text:TimerIntClear</name>
         <load_address>0x51e4</load_address>
         <run_address>0x51e4</run_address>
         <size>0x4</size>
         <input_file_ref idref="fl-14c"/>
      </object_component>
      <object_component id="oc-1ec">
         <name>.const:asc2_1608</name>
         <load_address>0x51e8</load_address>
         <run_address>0x51e8</run_address>
         <size>0x600</size>
         <input_file_ref idref="fl-c"/>
      </object_component>
      <object_component id="oc-1c3">
         <name>.const:g_pppui32XTALtoVCO</name>
         <load_address>0x57e8</load_address>
         <run_address>0x57e8</run_address>
         <size>0x120</size>
         <input_file_ref idref="fl-14d"/>
      </object_component>
      <object_component id="oc-103">
         <name>.const</name>
         <load_address>0x5908</load_address>
         <run_address>0x5908</run_address>
         <size>0x70</size>
         <input_file_ref idref="fl-14f"/>
      </object_component>
      <object_component id="oc-1c0">
         <name>.const:g_pui32Xtals</name>
         <load_address>0x5978</load_address>
         <run_address>0x5978</run_address>
         <size>0x6c</size>
         <input_file_ref idref="fl-14d"/>
      </object_component>
      <object_component id="oc-217">
         <name>.const:g_sXTALtoMEMTIM</name>
         <load_address>0x59e4</load_address>
         <run_address>0x59e4</run_address>
         <size>0x30</size>
         <input_file_ref idref="fl-14d"/>
      </object_component>
      <object_component id="oc-1c6">
         <name>.const</name>
         <load_address>0x5a14</load_address>
         <run_address>0x5a14</run_address>
         <size>0x8</size>
         <input_file_ref idref="fl-14d"/>
      </object_component>
      <object_component id="oc-2b1">
         <name>.cinit..data.load</name>
         <load_address>0x5a20</load_address>
         <run_address>0x5a20</run_address>
         <size>0x1b</size>
      </object_component>
      <object_component id="oc-2af">
         <name>__TI_handler_table</name>
         <load_address>0x5a3c</load_address>
         <run_address>0x5a3c</run_address>
         <size>0xc</size>
      </object_component>
      <object_component id="oc-2b2">
         <name>.cinit..bss.load</name>
         <load_address>0x5a48</load_address>
         <run_address>0x5a48</run_address>
         <size>0x8</size>
      </object_component>
      <object_component id="oc-2b0">
         <name>__TI_cinit_table</name>
         <load_address>0x5a50</load_address>
         <run_address>0x5a50</run_address>
         <size>0x10</size>
      </object_component>
      <object_component id="oc-49">
         <name>.data</name>
         <load_address>0x2000035c</load_address>
         <run_address>0x2000035c</run_address>
         <size>0x4</size>
         <input_file_ref idref="fl-142"/>
      </object_component>
      <object_component id="oc-cf">
         <name>.data</name>
         <load_address>0x20000348</load_address>
         <run_address>0x20000348</run_address>
         <size>0x8</size>
         <input_file_ref idref="fl-146"/>
      </object_component>
      <object_component id="oc-d2">
         <name>.data</name>
         <load_address>0x20000350</load_address>
         <run_address>0x20000350</run_address>
         <size>0x8</size>
         <input_file_ref idref="fl-13f"/>
      </object_component>
      <object_component id="oc-1e9">
         <name>.data</name>
         <load_address>0x20000340</load_address>
         <run_address>0x20000340</run_address>
         <size>0x8</size>
         <input_file_ref idref="fl-c"/>
      </object_component>
      <object_component id="oc-245">
         <name>.data</name>
         <load_address>0x20000358</load_address>
         <run_address>0x20000358</run_address>
         <size>0x4</size>
         <input_file_ref idref="fl-141"/>
      </object_component>
      <object_component id="oc-27b">
         <name>.bss:__CIOBUF_</name>
         <uninitialized>true</uninitialized>
         <run_address>0x20000200</run_address>
         <size>0x120</size>
         <input_file_ref idref="fl-145"/>
      </object_component>
      <object_component id="oc-a9">
         <name>.common:i</name>
         <uninitialized>true</uninitialized>
         <run_address>0x20000339</run_address>
         <size>0x1</size>
      </object_component>
      <object_component id="oc-a4">
         <name>.common:TimerCounter</name>
         <uninitialized>true</uninitialized>
         <run_address>0x20000337</run_address>
         <size>0x1</size>
      </object_component>
      <object_component id="oc-a7">
         <name>.common:gate</name>
         <uninitialized>true</uninitialized>
         <run_address>0x20000334</run_address>
         <size>0x2</size>
      </object_component>
      <object_component id="oc-200">
         <name>.common:state</name>
         <uninitialized>true</uninitialized>
         <run_address>0x2000033b</run_address>
         <size>0x1</size>
      </object_component>
      <object_component id="oc-b2">
         <name>.common:timer</name>
         <uninitialized>true</uninitialized>
         <run_address>0x20000330</run_address>
         <size>0x4</size>
      </object_component>
      <object_component id="oc-1fb">
         <name>.common:bitA</name>
         <uninitialized>true</uninitialized>
         <run_address>0x20000338</run_address>
         <size>0x1</size>
      </object_component>
      <object_component id="oc-1fd">
         <name>.common:Ans</name>
         <uninitialized>true</uninitialized>
         <run_address>0x20000336</run_address>
         <size>0x1</size>
      </object_component>
      <object_component id="oc-1fa">
         <name>.common:levelNo</name>
         <uninitialized>true</uninitialized>
         <run_address>0x2000032c</run_address>
         <size>0x4</size>
      </object_component>
      <object_component id="oc-1f1">
         <name>.common:next_home</name>
         <uninitialized>true</uninitialized>
         <run_address>0x2000033a</run_address>
         <size>0x1</size>
      </object_component>
      <object_component id="oc-1f8">
         <name>.common:bitB</name>
         <uninitialized>true</uninitialized>
         <run_address>0x20000328</run_address>
         <size>0x4</size>
      </object_component>
      <object_component id="oc-1fe">
         <name>.common:welcome_t</name>
         <uninitialized>true</uninitialized>
         <run_address>0x2000033c</run_address>
         <size>0x1</size>
      </object_component>
      <object_component id="oc-267">
         <name>.common:parmbuf</name>
         <uninitialized>true</uninitialized>
         <run_address>0x20000320</run_address>
         <size>0x8</size>
      </object_component>
      <object_component id="oc-28">
         <name>.stack</name>
         <uninitialized>true</uninitialized>
         <run_address>0x20000000</run_address>
         <size>0x0</size>
         <input_file_ref idref="fl-13b"/>
      </object_component>
      <object_component id="oc-2b3">
         <name>.stack</name>
         <uninitialized>true</uninitialized>
         <run_address>0x20000000</run_address>
         <size>0x0</size>
      </object_component>
      <object_component id="oc-f">
         <name>.debug_info</name>
         <load_address>0x0</load_address>
         <run_address>0x0</run_address>
         <size>0xd1</size>
         <input_file_ref idref="fl-3"/>
      </object_component>
      <object_component id="oc-13">
         <name>.debug_info</name>
         <load_address>0xd1</load_address>
         <run_address>0xd1</run_address>
         <size>0xf3</size>
         <input_file_ref idref="fl-13b"/>
      </object_component>
      <object_component id="oc-18">
         <name>.debug_info</name>
         <load_address>0x1c4</load_address>
         <run_address>0x1c4</run_address>
         <size>0x194</size>
         <input_file_ref idref="fl-13c"/>
      </object_component>
      <object_component id="oc-1d">
         <name>.debug_info</name>
         <load_address>0x358</load_address>
         <run_address>0x358</run_address>
         <size>0x16a</size>
         <input_file_ref idref="fl-13e"/>
      </object_component>
      <object_component id="oc-25">
         <name>.debug_info</name>
         <load_address>0x4c2</load_address>
         <run_address>0x4c2</run_address>
         <size>0x18e</size>
         <input_file_ref idref="fl-13d"/>
      </object_component>
      <object_component id="oc-2d">
         <name>.debug_info</name>
         <load_address>0x650</load_address>
         <run_address>0x650</run_address>
         <size>0x250</size>
         <input_file_ref idref="fl-3"/>
      </object_component>
      <object_component id="oc-31">
         <name>.debug_info</name>
         <load_address>0x8a0</load_address>
         <run_address>0x8a0</run_address>
         <size>0x208</size>
         <input_file_ref idref="fl-a"/>
      </object_component>
      <object_component id="oc-37">
         <name>.debug_info</name>
         <load_address>0xaa8</load_address>
         <run_address>0xaa8</run_address>
         <size>0x112</size>
         <input_file_ref idref="fl-3"/>
      </object_component>
      <object_component id="oc-3a">
         <name>.debug_info</name>
         <load_address>0xbba</load_address>
         <run_address>0xbba</run_address>
         <size>0x13d</size>
         <input_file_ref idref="fl-148"/>
      </object_component>
      <object_component id="oc-3e">
         <name>.debug_info</name>
         <load_address>0xcf7</load_address>
         <run_address>0xcf7</run_address>
         <size>0x11c</size>
         <input_file_ref idref="fl-147"/>
      </object_component>
      <object_component id="oc-47">
         <name>.debug_info</name>
         <load_address>0xe13</load_address>
         <run_address>0xe13</run_address>
         <size>0x1c2</size>
         <input_file_ref idref="fl-13f"/>
      </object_component>
      <object_component id="oc-4a">
         <name>.debug_info</name>
         <load_address>0xfd5</load_address>
         <run_address>0xfd5</run_address>
         <size>0xbe</size>
         <input_file_ref idref="fl-142"/>
      </object_component>
      <object_component id="oc-50">
         <name>.debug_info</name>
         <load_address>0x1093</load_address>
         <run_address>0x1093</run_address>
         <size>0xcc</size>
         <input_file_ref idref="fl-140"/>
      </object_component>
      <object_component id="oc-53">
         <name>.debug_info</name>
         <load_address>0x115f</load_address>
         <run_address>0x115f</run_address>
         <size>0x46</size>
         <input_file_ref idref="fl-13c"/>
      </object_component>
      <object_component id="oc-58">
         <name>.debug_info</name>
         <load_address>0x11a5</load_address>
         <run_address>0x11a5</run_address>
         <size>0xf2</size>
         <input_file_ref idref="fl-13c"/>
      </object_component>
      <object_component id="oc-5a">
         <name>.debug_info</name>
         <load_address>0x1297</load_address>
         <run_address>0x1297</run_address>
         <size>0x46</size>
         <input_file_ref idref="fl-13e"/>
      </object_component>
      <object_component id="oc-5f">
         <name>.debug_info</name>
         <load_address>0x12dd</load_address>
         <run_address>0x12dd</run_address>
         <size>0xad</size>
         <input_file_ref idref="fl-13e"/>
      </object_component>
      <object_component id="oc-62">
         <name>.debug_info</name>
         <load_address>0x138a</load_address>
         <run_address>0x138a</run_address>
         <size>0x1ef</size>
         <input_file_ref idref="fl-13d"/>
      </object_component>
      <object_component id="oc-67">
         <name>.debug_info</name>
         <load_address>0x1579</load_address>
         <run_address>0x1579</run_address>
         <size>0xb7</size>
         <input_file_ref idref="fl-13d"/>
      </object_component>
      <object_component id="oc-68">
         <name>.debug_info</name>
         <load_address>0x1630</load_address>
         <run_address>0x1630</run_address>
         <size>0x39</size>
         <input_file_ref idref="fl-13d"/>
      </object_component>
      <object_component id="oc-6f">
         <name>.debug_info</name>
         <load_address>0x1669</load_address>
         <run_address>0x1669</run_address>
         <size>0x1e1</size>
         <input_file_ref idref="fl-14d"/>
      </object_component>
      <object_component id="oc-75">
         <name>.debug_info</name>
         <load_address>0x184a</load_address>
         <run_address>0x184a</run_address>
         <size>0x1f0</size>
         <input_file_ref idref="fl-14c"/>
      </object_component>
      <object_component id="oc-7b">
         <name>.debug_info</name>
         <load_address>0x1a3a</load_address>
         <run_address>0x1a3a</run_address>
         <size>0x21e</size>
         <input_file_ref idref="fl-14c"/>
      </object_component>
      <object_component id="oc-81">
         <name>.debug_info</name>
         <load_address>0x1c58</load_address>
         <run_address>0x1c58</run_address>
         <size>0x1a2</size>
         <input_file_ref idref="fl-14f"/>
      </object_component>
      <object_component id="oc-87">
         <name>.debug_info</name>
         <load_address>0x1dfa</load_address>
         <run_address>0x1dfa</run_address>
         <size>0x1f8</size>
         <input_file_ref idref="fl-14c"/>
      </object_component>
      <object_component id="oc-8d">
         <name>.debug_info</name>
         <load_address>0x1ff2</load_address>
         <run_address>0x1ff2</run_address>
         <size>0x1cc</size>
         <input_file_ref idref="fl-14f"/>
      </object_component>
      <object_component id="oc-93">
         <name>.debug_info</name>
         <load_address>0x21be</load_address>
         <run_address>0x21be</run_address>
         <size>0x1e3</size>
         <input_file_ref idref="fl-14c"/>
      </object_component>
      <object_component id="oc-99">
         <name>.debug_info</name>
         <load_address>0x23a1</load_address>
         <run_address>0x23a1</run_address>
         <size>0x7ae</size>
         <input_file_ref idref="fl-4"/>
      </object_component>
      <object_component id="oc-9f">
         <name>.debug_info</name>
         <load_address>0x2b4f</load_address>
         <run_address>0x2b4f</run_address>
         <size>0x1f6</size>
         <input_file_ref idref="fl-14c"/>
      </object_component>
      <object_component id="oc-a5">
         <name>.debug_info</name>
         <load_address>0x2d45</load_address>
         <run_address>0x2d45</run_address>
         <size>0x3e4</size>
         <input_file_ref idref="fl-a"/>
      </object_component>
      <object_component id="oc-aa">
         <name>.debug_info</name>
         <load_address>0x3129</load_address>
         <run_address>0x3129</run_address>
         <size>0x28d</size>
         <input_file_ref idref="fl-2"/>
      </object_component>
      <object_component id="oc-ac">
         <name>.debug_info</name>
         <load_address>0x33b6</load_address>
         <run_address>0x33b6</run_address>
         <size>0x333</size>
         <input_file_ref idref="fl-4"/>
      </object_component>
      <object_component id="oc-ae">
         <name>.debug_info</name>
         <load_address>0x36e9</load_address>
         <run_address>0x36e9</run_address>
         <size>0x39d</size>
         <input_file_ref idref="fl-8"/>
      </object_component>
      <object_component id="oc-b0">
         <name>.debug_info</name>
         <load_address>0x3a86</load_address>
         <run_address>0x3a86</run_address>
         <size>0x443</size>
         <input_file_ref idref="fl-9"/>
      </object_component>
      <object_component id="oc-b6">
         <name>.debug_info</name>
         <load_address>0x3ec9</load_address>
         <run_address>0x3ec9</run_address>
         <size>0x84</size>
         <input_file_ref idref="fl-2"/>
      </object_component>
      <object_component id="oc-bb">
         <name>.debug_info</name>
         <load_address>0x3f4d</load_address>
         <run_address>0x3f4d</run_address>
         <size>0x18b</size>
         <input_file_ref idref="fl-2"/>
      </object_component>
      <object_component id="oc-c1">
         <name>.debug_info</name>
         <load_address>0x40d8</load_address>
         <run_address>0x40d8</run_address>
         <size>0x14b</size>
         <input_file_ref idref="fl-149"/>
      </object_component>
      <object_component id="oc-c8">
         <name>.debug_info</name>
         <load_address>0x4223</load_address>
         <run_address>0x4223</run_address>
         <size>0x1be</size>
         <input_file_ref idref="fl-2"/>
      </object_component>
      <object_component id="oc-ce">
         <name>.debug_info</name>
         <load_address>0x43e1</load_address>
         <run_address>0x43e1</run_address>
         <size>0x11b</size>
         <input_file_ref idref="fl-147"/>
      </object_component>
      <object_component id="oc-d0">
         <name>.debug_info</name>
         <load_address>0x44fc</load_address>
         <run_address>0x44fc</run_address>
         <size>0xc8</size>
         <input_file_ref idref="fl-146"/>
      </object_component>
      <object_component id="oc-d3">
         <name>.debug_info</name>
         <load_address>0x45c4</load_address>
         <run_address>0x45c4</run_address>
         <size>0xeb</size>
         <input_file_ref idref="fl-13f"/>
      </object_component>
      <object_component id="oc-d6">
         <name>.debug_info</name>
         <load_address>0x46af</load_address>
         <run_address>0x46af</run_address>
         <size>0x146</size>
         <input_file_ref idref="fl-13f"/>
      </object_component>
      <object_component id="oc-db">
         <name>.debug_info</name>
         <load_address>0x47f5</load_address>
         <run_address>0x47f5</run_address>
         <size>0x2c</size>
         <input_file_ref idref="fl-13c"/>
      </object_component>
      <object_component id="oc-e2">
         <name>.debug_info</name>
         <load_address>0x4821</load_address>
         <run_address>0x4821</run_address>
         <size>0x2c</size>
         <input_file_ref idref="fl-2"/>
      </object_component>
      <object_component id="oc-ed">
         <name>.debug_info</name>
         <load_address>0x484d</load_address>
         <run_address>0x484d</run_address>
         <size>0x18b</size>
         <input_file_ref idref="fl-14c"/>
      </object_component>
      <object_component id="oc-f2">
         <name>.debug_info</name>
         <load_address>0x49d8</load_address>
         <run_address>0x49d8</run_address>
         <size>0x226</size>
         <input_file_ref idref="fl-14d"/>
      </object_component>
      <object_component id="oc-f4">
         <name>.debug_info</name>
         <load_address>0x4bfe</load_address>
         <run_address>0x4bfe</run_address>
         <size>0x1cf</size>
         <input_file_ref idref="fl-14c"/>
      </object_component>
      <object_component id="oc-f7">
         <name>.debug_info</name>
         <load_address>0x4dcd</load_address>
         <run_address>0x4dcd</run_address>
         <size>0x176</size>
         <input_file_ref idref="fl-152"/>
      </object_component>
      <object_component id="oc-fd">
         <name>.debug_info</name>
         <load_address>0x4f43</load_address>
         <run_address>0x4f43</run_address>
         <size>0x90</size>
         <input_file_ref idref="fl-14c"/>
      </object_component>
      <object_component id="oc-104">
         <name>.debug_info</name>
         <load_address>0x4fd3</load_address>
         <run_address>0x4fd3</run_address>
         <size>0x1c2</size>
         <input_file_ref idref="fl-14f"/>
      </object_component>
      <object_component id="oc-107">
         <name>.debug_info</name>
         <load_address>0x5195</load_address>
         <run_address>0x5195</run_address>
         <size>0x1ba</size>
         <input_file_ref idref="fl-14f"/>
      </object_component>
      <object_component id="oc-10b">
         <name>.debug_info</name>
         <load_address>0x534f</load_address>
         <run_address>0x534f</run_address>
         <size>0x1e9</size>
         <input_file_ref idref="fl-150"/>
      </object_component>
      <object_component id="oc-111">
         <name>.debug_info</name>
         <load_address>0x5538</load_address>
         <run_address>0x5538</run_address>
         <size>0x1eb</size>
         <input_file_ref idref="fl-150"/>
      </object_component>
      <object_component id="oc-118">
         <name>.debug_info</name>
         <load_address>0x5723</load_address>
         <run_address>0x5723</run_address>
         <size>0x207</size>
         <input_file_ref idref="fl-150"/>
      </object_component>
      <object_component id="oc-11d">
         <name>.debug_info</name>
         <load_address>0x592a</load_address>
         <run_address>0x592a</run_address>
         <size>0x19b</size>
         <input_file_ref idref="fl-6"/>
      </object_component>
      <object_component id="oc-122">
         <name>.debug_info</name>
         <load_address>0x5ac5</load_address>
         <run_address>0x5ac5</run_address>
         <size>0x1df</size>
         <input_file_ref idref="fl-150"/>
      </object_component>
      <object_component id="oc-129">
         <name>.debug_info</name>
         <load_address>0x5ca4</load_address>
         <run_address>0x5ca4</run_address>
         <size>0xed5</size>
         <input_file_ref idref="fl-7"/>
      </object_component>
      <object_component id="oc-12e">
         <name>.debug_info</name>
         <load_address>0x6b79</load_address>
         <run_address>0x6b79</run_address>
         <size>0xe3a</size>
         <input_file_ref idref="fl-9"/>
      </object_component>
      <object_component id="oc-137">
         <name>.debug_info</name>
         <load_address>0x79b3</load_address>
         <run_address>0x79b3</run_address>
         <size>0x8b</size>
         <input_file_ref idref="fl-5"/>
      </object_component>
      <object_component id="oc-145">
         <name>.debug_info</name>
         <load_address>0x7a3e</load_address>
         <run_address>0x7a3e</run_address>
         <size>0x148</size>
         <input_file_ref idref="fl-149"/>
      </object_component>
      <object_component id="oc-147">
         <name>.debug_info</name>
         <load_address>0x7b86</load_address>
         <run_address>0x7b86</run_address>
         <size>0x4c5</size>
         <input_file_ref idref="fl-14d"/>
      </object_component>
      <object_component id="oc-150">
         <name>.debug_info</name>
         <load_address>0x804b</load_address>
         <run_address>0x804b</run_address>
         <size>0x273</size>
         <input_file_ref idref="fl-d"/>
      </object_component>
      <object_component id="oc-155">
         <name>.debug_info</name>
         <load_address>0x82be</load_address>
         <run_address>0x82be</run_address>
         <size>0x2854</size>
         <input_file_ref idref="fl-c"/>
      </object_component>
      <object_component id="oc-159">
         <name>.debug_info</name>
         <load_address>0xab12</load_address>
         <run_address>0xab12</run_address>
         <size>0x14e5</size>
         <input_file_ref idref="fl-8"/>
      </object_component>
      <object_component id="oc-161">
         <name>.debug_info</name>
         <load_address>0xbff7</load_address>
         <run_address>0xbff7</run_address>
         <size>0x5e</size>
         <input_file_ref idref="fl-147"/>
      </object_component>
      <object_component id="oc-16a">
         <name>.debug_info</name>
         <load_address>0xc055</load_address>
         <run_address>0xc055</run_address>
         <size>0x1d4</size>
         <input_file_ref idref="fl-146"/>
      </object_component>
      <object_component id="oc-16e">
         <name>.debug_info</name>
         <load_address>0xc229</load_address>
         <run_address>0xc229</run_address>
         <size>0xd9</size>
         <input_file_ref idref="fl-146"/>
      </object_component>
      <object_component id="oc-176">
         <name>.debug_info</name>
         <load_address>0xc302</load_address>
         <run_address>0xc302</run_address>
         <size>0x5f</size>
         <input_file_ref idref="fl-14d"/>
      </object_component>
      <object_component id="oc-184">
         <name>.debug_info</name>
         <load_address>0xc361</load_address>
         <run_address>0xc361</run_address>
         <size>0x217</size>
         <input_file_ref idref="fl-150"/>
      </object_component>
      <object_component id="oc-18a">
         <name>.debug_info</name>
         <load_address>0xc578</load_address>
         <run_address>0xc578</run_address>
         <size>0x312</size>
         <input_file_ref idref="fl-150"/>
      </object_component>
      <object_component id="oc-191">
         <name>.debug_info</name>
         <load_address>0xc88a</load_address>
         <run_address>0xc88a</run_address>
         <size>0x1d7</size>
         <input_file_ref idref="fl-150"/>
      </object_component>
      <object_component id="oc-199">
         <name>.debug_info</name>
         <load_address>0xca61</load_address>
         <run_address>0xca61</run_address>
         <size>0x498</size>
         <input_file_ref idref="fl-5"/>
      </object_component>
      <object_component id="oc-1af">
         <name>.debug_info</name>
         <load_address>0xcef9</load_address>
         <run_address>0xcef9</run_address>
         <size>0xcd</size>
         <input_file_ref idref="fl-149"/>
      </object_component>
      <object_component id="oc-1b5">
         <name>.debug_info</name>
         <load_address>0xcfc6</load_address>
         <run_address>0xcfc6</run_address>
         <size>0x264</size>
         <input_file_ref idref="fl-14d"/>
      </object_component>
      <object_component id="oc-1bb">
         <name>.debug_info</name>
         <load_address>0xd22a</load_address>
         <run_address>0xd22a</run_address>
         <size>0x21e</size>
         <input_file_ref idref="fl-14d"/>
      </object_component>
      <object_component id="oc-1c1">
         <name>.debug_info</name>
         <load_address>0xd448</load_address>
         <run_address>0xd448</run_address>
         <size>0xff</size>
         <input_file_ref idref="fl-14d"/>
      </object_component>
      <object_component id="oc-1c4">
         <name>.debug_info</name>
         <load_address>0xd547</load_address>
         <run_address>0xd547</run_address>
         <size>0x10b</size>
         <input_file_ref idref="fl-14d"/>
      </object_component>
      <object_component id="oc-1c7">
         <name>.debug_info</name>
         <load_address>0xd652</load_address>
         <run_address>0xd652</run_address>
         <size>0x112</size>
         <input_file_ref idref="fl-14d"/>
      </object_component>
      <object_component id="oc-1cc">
         <name>.debug_info</name>
         <load_address>0xd764</load_address>
         <run_address>0xd764</run_address>
         <size>0x1dd</size>
         <input_file_ref idref="fl-150"/>
      </object_component>
      <object_component id="oc-1d1">
         <name>.debug_info</name>
         <load_address>0xd941</load_address>
         <run_address>0xd941</run_address>
         <size>0x1d8</size>
         <input_file_ref idref="fl-151"/>
      </object_component>
      <object_component id="oc-1d7">
         <name>.debug_info</name>
         <load_address>0xdb19</load_address>
         <run_address>0xdb19</run_address>
         <size>0x22c</size>
         <input_file_ref idref="fl-151"/>
      </object_component>
      <object_component id="oc-1de">
         <name>.debug_info</name>
         <load_address>0xdd45</load_address>
         <run_address>0xdd45</run_address>
         <size>0x1e2</size>
         <input_file_ref idref="fl-151"/>
      </object_component>
      <object_component id="oc-1e4">
         <name>.debug_info</name>
         <load_address>0xdf27</load_address>
         <run_address>0xdf27</run_address>
         <size>0x1eb</size>
         <input_file_ref idref="fl-14d"/>
      </object_component>
      <object_component id="oc-1ea">
         <name>.debug_info</name>
         <load_address>0xe112</load_address>
         <run_address>0xe112</run_address>
         <size>0xfd</size>
         <input_file_ref idref="fl-c"/>
      </object_component>
      <object_component id="oc-1ed">
         <name>.debug_info</name>
         <load_address>0xe20f</load_address>
         <run_address>0xe20f</run_address>
         <size>0xd4</size>
         <input_file_ref idref="fl-c"/>
      </object_component>
      <object_component id="oc-1f0">
         <name>.debug_info</name>
         <load_address>0xe2e3</load_address>
         <run_address>0xe2e3</run_address>
         <size>0x46f</size>
         <input_file_ref idref="fl-c"/>
      </object_component>
      <object_component id="oc-20a">
         <name>.debug_info</name>
         <load_address>0xe752</load_address>
         <run_address>0xe752</run_address>
         <size>0x123</size>
         <input_file_ref idref="fl-143"/>
      </object_component>
      <object_component id="oc-213">
         <name>.debug_info</name>
         <load_address>0xe875</load_address>
         <run_address>0xe875</run_address>
         <size>0x159</size>
         <input_file_ref idref="fl-141"/>
      </object_component>
      <object_component id="oc-216">
         <name>.debug_info</name>
         <load_address>0xe9ce</load_address>
         <run_address>0xe9ce</run_address>
         <size>0x14b</size>
         <input_file_ref idref="fl-5"/>
      </object_component>
      <object_component id="oc-218">
         <name>.debug_info</name>
         <load_address>0xeb19</load_address>
         <run_address>0xeb19</run_address>
         <size>0x105</size>
         <input_file_ref idref="fl-14d"/>
      </object_component>
      <object_component id="oc-224">
         <name>.debug_info</name>
         <load_address>0xec1e</load_address>
         <run_address>0xec1e</run_address>
         <size>0x1a6</size>
         <input_file_ref idref="fl-151"/>
      </object_component>
      <object_component id="oc-22a">
         <name>.debug_info</name>
         <load_address>0xedc4</load_address>
         <run_address>0xedc4</run_address>
         <size>0x47</size>
         <input_file_ref idref="fl-c"/>
      </object_component>
      <object_component id="oc-233">
         <name>.debug_info</name>
         <load_address>0xee0b</load_address>
         <run_address>0xee0b</run_address>
         <size>0x6bd</size>
         <input_file_ref idref="fl-c"/>
      </object_component>
      <object_component id="oc-23a">
         <name>.debug_info</name>
         <load_address>0xf4c8</load_address>
         <run_address>0xf4c8</run_address>
         <size>0x9e2</size>
         <input_file_ref idref="fl-144"/>
      </object_component>
      <object_component id="oc-23f">
         <name>.debug_info</name>
         <load_address>0xfeaa</load_address>
         <run_address>0xfeaa</run_address>
         <size>0x2c</size>
         <input_file_ref idref="fl-143"/>
      </object_component>
      <object_component id="oc-244">
         <name>.debug_info</name>
         <load_address>0xfed6</load_address>
         <run_address>0xfed6</run_address>
         <size>0xb4</size>
         <input_file_ref idref="fl-143"/>
      </object_component>
      <object_component id="oc-246">
         <name>.debug_info</name>
         <load_address>0xff8a</load_address>
         <run_address>0xff8a</run_address>
         <size>0xa5</size>
         <input_file_ref idref="fl-141"/>
      </object_component>
      <object_component id="oc-249">
         <name>.debug_info</name>
         <load_address>0x1002f</load_address>
         <run_address>0x1002f</run_address>
         <size>0xca</size>
         <input_file_ref idref="fl-141"/>
      </object_component>
      <object_component id="oc-24c">
         <name>.debug_info</name>
         <load_address>0x100f9</load_address>
         <run_address>0x100f9</run_address>
         <size>0x162</size>
         <input_file_ref idref="fl-5"/>
      </object_component>
      <object_component id="oc-257">
         <name>.debug_info</name>
         <load_address>0x1025b</load_address>
         <run_address>0x1025b</run_address>
         <size>0x236</size>
         <input_file_ref idref="fl-145"/>
      </object_component>
      <object_component id="oc-25d">
         <name>.debug_info</name>
         <load_address>0x10491</load_address>
         <run_address>0x10491</run_address>
         <size>0x153</size>
         <input_file_ref idref="fl-14b"/>
      </object_component>
      <object_component id="oc-262">
         <name>.debug_info</name>
         <load_address>0x105e4</load_address>
         <run_address>0x105e4</run_address>
         <size>0x169</size>
         <input_file_ref idref="fl-14a"/>
      </object_component>
      <object_component id="oc-268">
         <name>.debug_info</name>
         <load_address>0x1074d</load_address>
         <run_address>0x1074d</run_address>
         <size>0x1ef</size>
         <input_file_ref idref="fl-144"/>
      </object_component>
      <object_component id="oc-26b">
         <name>.debug_info</name>
         <load_address>0x1093c</load_address>
         <run_address>0x1093c</run_address>
         <size>0x2c</size>
         <input_file_ref idref="fl-144"/>
      </object_component>
      <object_component id="oc-270">
         <name>.debug_info</name>
         <load_address>0x10968</load_address>
         <run_address>0x10968</run_address>
         <size>0x39</size>
         <input_file_ref idref="fl-144"/>
      </object_component>
      <object_component id="oc-27c">
         <name>.debug_info</name>
         <load_address>0x109a1</load_address>
         <run_address>0x109a1</run_address>
         <size>0xb2</size>
         <input_file_ref idref="fl-145"/>
      </object_component>
      <object_component id="oc-27f">
         <name>.debug_info</name>
         <load_address>0x10a53</load_address>
         <run_address>0x10a53</run_address>
         <size>0xca</size>
         <input_file_ref idref="fl-145"/>
      </object_component>
      <object_component id="oc-281">
         <name>.debug_info</name>
         <load_address>0x10b1d</load_address>
         <run_address>0x10b1d</run_address>
         <size>0x9f</size>
         <input_file_ref idref="fl-14b"/>
      </object_component>
      <object_component id="oc-283">
         <name>.debug_info</name>
         <load_address>0x10bbc</load_address>
         <run_address>0x10bbc</run_address>
         <size>0xaa</size>
         <input_file_ref idref="fl-14a"/>
      </object_component>
      <object_component id="oc-286">
         <name>.debug_info</name>
         <load_address>0x10c66</load_address>
         <run_address>0x10c66</run_address>
         <size>0x2c</size>
         <input_file_ref idref="fl-144"/>
      </object_component>
      <object_component id="oc-2b4">
         <name>.debug_info</name>
         <load_address>0x10c92</load_address>
         <run_address>0x10c92</run_address>
         <size>0x8a</size>
      </object_component>
      <object_component id="oc-10">
         <name>.debug_pubnames</name>
         <load_address>0x0</load_address>
         <run_address>0x0</run_address>
         <size>0x23</size>
         <input_file_ref idref="fl-3"/>
      </object_component>
      <object_component id="oc-15">
         <name>.debug_pubnames</name>
         <load_address>0x23</load_address>
         <run_address>0x23</run_address>
         <size>0x1f</size>
         <input_file_ref idref="fl-13b"/>
      </object_component>
      <object_component id="oc-1a">
         <name>.debug_pubnames</name>
         <load_address>0x42</load_address>
         <run_address>0x42</run_address>
         <size>0x2b</size>
         <input_file_ref idref="fl-13c"/>
      </object_component>
      <object_component id="oc-1f">
         <name>.debug_pubnames</name>
         <load_address>0x6d</load_address>
         <run_address>0x6d</run_address>
         <size>0x25</size>
         <input_file_ref idref="fl-13e"/>
      </object_component>
      <object_component id="oc-26">
         <name>.debug_pubnames</name>
         <load_address>0x92</load_address>
         <run_address>0x92</run_address>
         <size>0x2c</size>
         <input_file_ref idref="fl-13d"/>
      </object_component>
      <object_component id="oc-2e">
         <name>.debug_pubnames</name>
         <load_address>0xbe</load_address>
         <run_address>0xbe</run_address>
         <size>0x4c</size>
         <input_file_ref idref="fl-3"/>
      </object_component>
      <object_component id="oc-33">
         <name>.debug_pubnames</name>
         <load_address>0x10a</load_address>
         <run_address>0x10a</run_address>
         <size>0x35</size>
         <input_file_ref idref="fl-a"/>
      </object_component>
      <object_component id="oc-3b">
         <name>.debug_pubnames</name>
         <load_address>0x13f</load_address>
         <run_address>0x13f</run_address>
         <size>0x37</size>
         <input_file_ref idref="fl-148"/>
      </object_component>
      <object_component id="oc-3f">
         <name>.debug_pubnames</name>
         <load_address>0x176</load_address>
         <run_address>0x176</run_address>
         <size>0x21</size>
         <input_file_ref idref="fl-147"/>
      </object_component>
      <object_component id="oc-48">
         <name>.debug_pubnames</name>
         <load_address>0x197</load_address>
         <run_address>0x197</run_address>
         <size>0x35</size>
         <input_file_ref idref="fl-13f"/>
      </object_component>
      <object_component id="oc-4b">
         <name>.debug_pubnames</name>
         <load_address>0x1cc</load_address>
         <run_address>0x1cc</run_address>
         <size>0x23</size>
         <input_file_ref idref="fl-142"/>
      </object_component>
      <object_component id="oc-51">
         <name>.debug_pubnames</name>
         <load_address>0x1ef</load_address>
         <run_address>0x1ef</run_address>
         <size>0x1d</size>
         <input_file_ref idref="fl-140"/>
      </object_component>
      <object_component id="oc-63">
         <name>.debug_pubnames</name>
         <load_address>0x20c</load_address>
         <run_address>0x20c</run_address>
         <size>0x2f</size>
         <input_file_ref idref="fl-13d"/>
      </object_component>
      <object_component id="oc-71">
         <name>.debug_pubnames</name>
         <load_address>0x23b</load_address>
         <run_address>0x23b</run_address>
         <size>0x2d</size>
         <input_file_ref idref="fl-14d"/>
      </object_component>
      <object_component id="oc-77">
         <name>.debug_pubnames</name>
         <load_address>0x268</load_address>
         <run_address>0x268</run_address>
         <size>0x25</size>
         <input_file_ref idref="fl-14c"/>
      </object_component>
      <object_component id="oc-7d">
         <name>.debug_pubnames</name>
         <load_address>0x28d</load_address>
         <run_address>0x28d</run_address>
         <size>0x23</size>
         <input_file_ref idref="fl-14c"/>
      </object_component>
      <object_component id="oc-83">
         <name>.debug_pubnames</name>
         <load_address>0x2b0</load_address>
         <run_address>0x2b0</run_address>
         <size>0x26</size>
         <input_file_ref idref="fl-14f"/>
      </object_component>
      <object_component id="oc-89">
         <name>.debug_pubnames</name>
         <load_address>0x2d6</load_address>
         <run_address>0x2d6</run_address>
         <size>0x25</size>
         <input_file_ref idref="fl-14c"/>
      </object_component>
      <object_component id="oc-8f">
         <name>.debug_pubnames</name>
         <load_address>0x2fb</load_address>
         <run_address>0x2fb</run_address>
         <size>0x20</size>
         <input_file_ref idref="fl-14f"/>
      </object_component>
      <object_component id="oc-95">
         <name>.debug_pubnames</name>
         <load_address>0x31b</load_address>
         <run_address>0x31b</run_address>
         <size>0x22</size>
         <input_file_ref idref="fl-14c"/>
      </object_component>
      <object_component id="oc-9b">
         <name>.debug_pubnames</name>
         <load_address>0x33d</load_address>
         <run_address>0x33d</run_address>
         <size>0x5b</size>
         <input_file_ref idref="fl-4"/>
      </object_component>
      <object_component id="oc-a1">
         <name>.debug_pubnames</name>
         <load_address>0x398</load_address>
         <run_address>0x398</run_address>
         <size>0x24</size>
         <input_file_ref idref="fl-14c"/>
      </object_component>
      <object_component id="oc-a6">
         <name>.debug_pubnames</name>
         <load_address>0x3bc</load_address>
         <run_address>0x3bc</run_address>
         <size>0x88</size>
         <input_file_ref idref="fl-a"/>
      </object_component>
      <object_component id="oc-ab">
         <name>.debug_pubnames</name>
         <load_address>0x444</load_address>
         <run_address>0x444</run_address>
         <size>0x18</size>
         <input_file_ref idref="fl-2"/>
      </object_component>
      <object_component id="oc-ad">
         <name>.debug_pubnames</name>
         <load_address>0x45c</load_address>
         <run_address>0x45c</run_address>
         <size>0x18</size>
         <input_file_ref idref="fl-4"/>
      </object_component>
      <object_component id="oc-af">
         <name>.debug_pubnames</name>
         <load_address>0x474</load_address>
         <run_address>0x474</run_address>
         <size>0x18</size>
         <input_file_ref idref="fl-8"/>
      </object_component>
      <object_component id="oc-b1">
         <name>.debug_pubnames</name>
         <load_address>0x48c</load_address>
         <run_address>0x48c</run_address>
         <size>0x18</size>
         <input_file_ref idref="fl-9"/>
      </object_component>
      <object_component id="oc-c2">
         <name>.debug_pubnames</name>
         <load_address>0x4a4</load_address>
         <run_address>0x4a4</run_address>
         <size>0x1e</size>
         <input_file_ref idref="fl-149"/>
      </object_component>
      <object_component id="oc-ca">
         <name>.debug_pubnames</name>
         <load_address>0x4c2</load_address>
         <run_address>0x4c2</run_address>
         <size>0x1b</size>
         <input_file_ref idref="fl-2"/>
      </object_component>
      <object_component id="oc-d1">
         <name>.debug_pubnames</name>
         <load_address>0x4dd</load_address>
         <run_address>0x4dd</run_address>
         <size>0x28</size>
         <input_file_ref idref="fl-146"/>
      </object_component>
      <object_component id="oc-d4">
         <name>.debug_pubnames</name>
         <load_address>0x505</load_address>
         <run_address>0x505</run_address>
         <size>0x3a</size>
         <input_file_ref idref="fl-13f"/>
      </object_component>
      <object_component id="oc-f9">
         <name>.debug_pubnames</name>
         <load_address>0x53f</load_address>
         <run_address>0x53f</run_address>
         <size>0x1f</size>
         <input_file_ref idref="fl-152"/>
      </object_component>
      <object_component id="oc-105">
         <name>.debug_pubnames</name>
         <load_address>0x55e</load_address>
         <run_address>0x55e</run_address>
         <size>0x77</size>
         <input_file_ref idref="fl-14f"/>
      </object_component>
      <object_component id="oc-10d">
         <name>.debug_pubnames</name>
         <load_address>0x5d5</load_address>
         <run_address>0x5d5</run_address>
         <size>0x2b</size>
         <input_file_ref idref="fl-150"/>
      </object_component>
      <object_component id="oc-113">
         <name>.debug_pubnames</name>
         <load_address>0x600</load_address>
         <run_address>0x600</run_address>
         <size>0x2c</size>
         <input_file_ref idref="fl-150"/>
      </object_component>
      <object_component id="oc-11a">
         <name>.debug_pubnames</name>
         <load_address>0x62c</load_address>
         <run_address>0x62c</run_address>
         <size>0x23</size>
         <input_file_ref idref="fl-150"/>
      </object_component>
      <object_component id="oc-11f">
         <name>.debug_pubnames</name>
         <load_address>0x64f</load_address>
         <run_address>0x64f</run_address>
         <size>0x2b</size>
         <input_file_ref idref="fl-6"/>
      </object_component>
      <object_component id="oc-124">
         <name>.debug_pubnames</name>
         <load_address>0x67a</load_address>
         <run_address>0x67a</run_address>
         <size>0x22</size>
         <input_file_ref idref="fl-150"/>
      </object_component>
      <object_component id="oc-12a">
         <name>.debug_pubnames</name>
         <load_address>0x69c</load_address>
         <run_address>0x69c</run_address>
         <size>0xdd</size>
         <input_file_ref idref="fl-7"/>
      </object_component>
      <object_component id="oc-130">
         <name>.debug_pubnames</name>
         <load_address>0x779</load_address>
         <run_address>0x779</run_address>
         <size>0x8f</size>
         <input_file_ref idref="fl-9"/>
      </object_component>
      <object_component id="oc-149">
         <name>.debug_pubnames</name>
         <load_address>0x808</load_address>
         <run_address>0x808</run_address>
         <size>0x29</size>
         <input_file_ref idref="fl-14d"/>
      </object_component>
      <object_component id="oc-151">
         <name>.debug_pubnames</name>
         <load_address>0x831</load_address>
         <run_address>0x831</run_address>
         <size>0x22</size>
         <input_file_ref idref="fl-d"/>
      </object_component>
      <object_component id="oc-156">
         <name>.debug_pubnames</name>
         <load_address>0x853</load_address>
         <run_address>0x853</run_address>
         <size>0x1eb</size>
         <input_file_ref idref="fl-c"/>
      </object_component>
      <object_component id="oc-15a">
         <name>.debug_pubnames</name>
         <load_address>0xa3e</load_address>
         <run_address>0xa3e</run_address>
         <size>0x7e</size>
         <input_file_ref idref="fl-8"/>
      </object_component>
      <object_component id="oc-16b">
         <name>.debug_pubnames</name>
         <load_address>0xabc</load_address>
         <run_address>0xabc</run_address>
         <size>0x43</size>
         <input_file_ref idref="fl-146"/>
      </object_component>
      <object_component id="oc-186">
         <name>.debug_pubnames</name>
         <load_address>0xaff</load_address>
         <run_address>0xaff</run_address>
         <size>0x25</size>
         <input_file_ref idref="fl-150"/>
      </object_component>
      <object_component id="oc-18c">
         <name>.debug_pubnames</name>
         <load_address>0xb24</load_address>
         <run_address>0xb24</run_address>
         <size>0x27</size>
         <input_file_ref idref="fl-150"/>
      </object_component>
      <object_component id="oc-19b">
         <name>.debug_pubnames</name>
         <load_address>0xb4b</load_address>
         <run_address>0xb4b</run_address>
         <size>0x70</size>
         <input_file_ref idref="fl-5"/>
      </object_component>
      <object_component id="oc-1b7">
         <name>.debug_pubnames</name>
         <load_address>0xbbb</load_address>
         <run_address>0xbbb</run_address>
         <size>0x2a</size>
         <input_file_ref idref="fl-14d"/>
      </object_component>
      <object_component id="oc-1bd">
         <name>.debug_pubnames</name>
         <load_address>0xbe5</load_address>
         <run_address>0xbe5</run_address>
         <size>0x2a</size>
         <input_file_ref idref="fl-14d"/>
      </object_component>
      <object_component id="oc-1c2">
         <name>.debug_pubnames</name>
         <load_address>0xc0f</load_address>
         <run_address>0xc0f</run_address>
         <size>0x23</size>
         <input_file_ref idref="fl-14d"/>
      </object_component>
      <object_component id="oc-1c5">
         <name>.debug_pubnames</name>
         <load_address>0xc32</load_address>
         <run_address>0xc32</run_address>
         <size>0x29</size>
         <input_file_ref idref="fl-14d"/>
      </object_component>
      <object_component id="oc-1c8">
         <name>.debug_pubnames</name>
         <load_address>0xc5b</load_address>
         <run_address>0xc5b</run_address>
         <size>0x2c</size>
         <input_file_ref idref="fl-14d"/>
      </object_component>
      <object_component id="oc-1ce">
         <name>.debug_pubnames</name>
         <load_address>0xc87</load_address>
         <run_address>0xc87</run_address>
         <size>0x25</size>
         <input_file_ref idref="fl-150"/>
      </object_component>
      <object_component id="oc-1d2">
         <name>.debug_pubnames</name>
         <load_address>0xcac</load_address>
         <run_address>0xcac</run_address>
         <size>0x21</size>
         <input_file_ref idref="fl-151"/>
      </object_component>
      <object_component id="oc-1d8">
         <name>.debug_pubnames</name>
         <load_address>0xccd</load_address>
         <run_address>0xccd</run_address>
         <size>0x27</size>
         <input_file_ref idref="fl-151"/>
      </object_component>
      <object_component id="oc-1df">
         <name>.debug_pubnames</name>
         <load_address>0xcf4</load_address>
         <run_address>0xcf4</run_address>
         <size>0x27</size>
         <input_file_ref idref="fl-151"/>
      </object_component>
      <object_component id="oc-1e6">
         <name>.debug_pubnames</name>
         <load_address>0xd1b</load_address>
         <run_address>0xd1b</run_address>
         <size>0x2a</size>
         <input_file_ref idref="fl-14d"/>
      </object_component>
      <object_component id="oc-1eb">
         <name>.debug_pubnames</name>
         <load_address>0xd45</load_address>
         <run_address>0xd45</run_address>
         <size>0x31</size>
         <input_file_ref idref="fl-c"/>
      </object_component>
      <object_component id="oc-1ee">
         <name>.debug_pubnames</name>
         <load_address>0xd76</load_address>
         <run_address>0xd76</run_address>
         <size>0x20</size>
         <input_file_ref idref="fl-c"/>
      </object_component>
      <object_component id="oc-20c">
         <name>.debug_pubnames</name>
         <load_address>0xd96</load_address>
         <run_address>0xd96</run_address>
         <size>0x1b</size>
         <input_file_ref idref="fl-143"/>
      </object_component>
      <object_component id="oc-214">
         <name>.debug_pubnames</name>
         <load_address>0xdb1</load_address>
         <run_address>0xdb1</run_address>
         <size>0x25</size>
         <input_file_ref idref="fl-141"/>
      </object_component>
      <object_component id="oc-219">
         <name>.debug_pubnames</name>
         <load_address>0xdd6</load_address>
         <run_address>0xdd6</run_address>
         <size>0x26</size>
         <input_file_ref idref="fl-14d"/>
      </object_component>
      <object_component id="oc-23b">
         <name>.debug_pubnames</name>
         <load_address>0xdfc</load_address>
         <run_address>0xdfc</run_address>
         <size>0x9e</size>
         <input_file_ref idref="fl-144"/>
      </object_component>
      <object_component id="oc-247">
         <name>.debug_pubnames</name>
         <load_address>0xe9a</load_address>
         <run_address>0xe9a</run_address>
         <size>0x1b</size>
         <input_file_ref idref="fl-141"/>
      </object_component>
      <object_component id="oc-258">
         <name>.debug_pubnames</name>
         <load_address>0xeb5</load_address>
         <run_address>0xeb5</run_address>
         <size>0x35</size>
         <input_file_ref idref="fl-145"/>
      </object_component>
      <object_component id="oc-25f">
         <name>.debug_pubnames</name>
         <load_address>0xeea</load_address>
         <run_address>0xeea</run_address>
         <size>0x1d</size>
         <input_file_ref idref="fl-14b"/>
      </object_component>
      <object_component id="oc-263">
         <name>.debug_pubnames</name>
         <load_address>0xf07</load_address>
         <run_address>0xf07</run_address>
         <size>0x1d</size>
         <input_file_ref idref="fl-14a"/>
      </object_component>
      <object_component id="oc-269">
         <name>.debug_pubnames</name>
         <load_address>0xf24</load_address>
         <run_address>0xf24</run_address>
         <size>0x1e</size>
         <input_file_ref idref="fl-144"/>
      </object_component>
      <object_component id="oc-27d">
         <name>.debug_pubnames</name>
         <load_address>0xf42</load_address>
         <run_address>0xf42</run_address>
         <size>0x20</size>
         <input_file_ref idref="fl-145"/>
      </object_component>
      <object_component id="oc-12">
         <name>.debug_line</name>
         <load_address>0x0</load_address>
         <run_address>0x0</run_address>
         <size>0x4f</size>
         <input_file_ref idref="fl-13b"/>
      </object_component>
      <object_component id="oc-1b">
         <name>.debug_line</name>
         <load_address>0x4f</load_address>
         <run_address>0x4f</run_address>
         <size>0x55</size>
         <input_file_ref idref="fl-13c"/>
      </object_component>
      <object_component id="oc-21">
         <name>.debug_line</name>
         <load_address>0xa4</load_address>
         <run_address>0xa4</run_address>
         <size>0x4c</size>
         <input_file_ref idref="fl-13e"/>
      </object_component>
      <object_component id="oc-24">
         <name>.debug_line</name>
         <load_address>0xf0</load_address>
         <run_address>0xf0</run_address>
         <size>0x4b</size>
         <input_file_ref idref="fl-13d"/>
      </object_component>
      <object_component id="oc-2c">
         <name>.debug_line</name>
         <load_address>0x13b</load_address>
         <run_address>0x13b</run_address>
         <size>0xa2</size>
         <input_file_ref idref="fl-3"/>
      </object_component>
      <object_component id="oc-30">
         <name>.debug_line</name>
         <load_address>0x1dd</load_address>
         <run_address>0x1dd</run_address>
         <size>0x83</size>
         <input_file_ref idref="fl-a"/>
      </object_component>
      <object_component id="oc-36">
         <name>.debug_line</name>
         <load_address>0x260</load_address>
         <run_address>0x260</run_address>
         <size>0x42</size>
         <input_file_ref idref="fl-3"/>
      </object_component>
      <object_component id="oc-3c">
         <name>.debug_line</name>
         <load_address>0x2a2</load_address>
         <run_address>0x2a2</run_address>
         <size>0x87</size>
         <input_file_ref idref="fl-148"/>
      </object_component>
      <object_component id="oc-42">
         <name>.debug_line</name>
         <load_address>0x329</load_address>
         <run_address>0x329</run_address>
         <size>0x50</size>
         <input_file_ref idref="fl-147"/>
      </object_component>
      <object_component id="oc-45">
         <name>.debug_line</name>
         <load_address>0x379</load_address>
         <run_address>0x379</run_address>
         <size>0x7a</size>
         <input_file_ref idref="fl-13f"/>
      </object_component>
      <object_component id="oc-4e">
         <name>.debug_line</name>
         <load_address>0x3f3</load_address>
         <run_address>0x3f3</run_address>
         <size>0x88</size>
         <input_file_ref idref="fl-140"/>
      </object_component>
      <object_component id="oc-56">
         <name>.debug_line</name>
         <load_address>0x47b</load_address>
         <run_address>0x47b</run_address>
         <size>0x3a</size>
         <input_file_ref idref="fl-13c"/>
      </object_component>
      <object_component id="oc-5d">
         <name>.debug_line</name>
         <load_address>0x4b5</load_address>
         <run_address>0x4b5</run_address>
         <size>0x34</size>
[...]
         <object_component_ref idref="oc-127"/>
      </symbol>
      <symbol id="sm-13d">
         <name>led5</name>
         <value>0x3b17</value>
         <object_component_ref idref="oc-127"/>
      </symbol>
      <symbol id="sm-13e">
         <name>led4</name>
         <value>0x3b03</value>
         <object_component_ref idref="oc-127"/>
      </symbol>
      <symbol id="sm-13f">
         <name>led3</name>
         <value>0x3aef</value>
         <object_component_ref idref="oc-127"/>
      </symbol>
      <symbol id="sm-140">
         <name>led2</name>
         <value>0x3adb</value>
         <object_component_ref idref="oc-127"/>
      </symbol>
      <symbol id="sm-141">
         <name>led1</name>
         <value>0x3ac7</value>
         <object_component_ref idref="oc-127"/>
      </symbol>
      <symbol id="sm-142">
         <name>led0</name>
         <value>0x3ab3</value>
         <object_component_ref idref="oc-127"/>
      </symbol>
      <symbol id="sm-143">
         <name>buzzer_run</name>
         <value>0x3903</value>
         <object_component_ref idref="oc-127"/>
      </symbol>
      <symbol id="sm-144">
         <name>ledclose</name>
         <value>0x3b53</value>
         <object_component_ref idref="oc-127"/>
      </symbol>
      <symbol id="sm-1ec">
         <name>page_game</name>
         <value>0x1ed9</value>
         <object_component_ref idref="oc-158"/>
      </symbol>
      <symbol id="sm-1ed">
         <name>page_selectLevel</name>
         <value>0x1c81</value>
         <object_component_ref idref="oc-158"/>
      </symbol>
      <symbol id="sm-1ee">
         <name>video_tutorial</name>
         <value>0x20c5</value>
         <object_component_ref idref="oc-158"/>
      </symbol>
      <symbol id="sm-1ef">
         <name>video_tutorial_Init</name>
         <value>0x278d</value>
         <object_component_ref idref="oc-158"/>
      </symbol>
      <symbol id="sm-1f0">
         <name>page_home</name>
         <value>0x1bad</value>
         <object_component_ref idref="oc-158"/>
      </symbol>
      <symbol id="sm-1f1">
         <name>drawled_Ans</name>
         <value>0x2b7d</value>
         <object_component_ref idref="oc-158"/>
      </symbol>
      <symbol id="sm-275">
         <name>button3</name>
         <value>0x37c9</value>
         <object_component_ref idref="oc-12d"/>
      </symbol>
      <symbol id="sm-276">
         <name>button5</name>
         <value>0x3605</value>
         <object_component_ref idref="oc-12d"/>
      </symbol>
      <symbol id="sm-277">
         <name>button6</name>
         <value>0x3149</value>
         <object_component_ref idref="oc-12d"/>
      </symbol>
      <symbol id="sm-278">
         <name>button7</name>
         <value>0x3805</value>
         <object_component_ref idref="oc-12d"/>
      </symbol>
      <symbol id="sm-279">
         <name>button9</name>
         <value>0x33dd</value>
         <object_component_ref idref="oc-12d"/>
      </symbol>
      <symbol id="sm-27a">
         <name>button10</name>
         <value>0x31f1</value>
         <object_component_ref idref="oc-12d"/>
      </symbol>
      <symbol id="sm-27b">
         <name>button11</name>
         <value>0x3841</value>
         <object_component_ref idref="oc-12d"/>
      </symbol>
      <symbol id="sm-27c">
         <name>button13</name>
         <value>0x36e3</value>
         <object_component_ref idref="oc-12d"/>
      </symbol>
      <symbol id="sm-27d">
         <name>button14</name>
         <value>0x2e05</value>
         <object_component_ref idref="oc-12d"/>
      </symbol>
      <symbol id="sm-27e">
         <name>button15</name>
         <value>0x387d</value>
         <object_component_ref idref="oc-12d"/>
      </symbol>
      <symbol id="sm-299">
         <name>TimerCounter</name>
         <value>0x20000337</value>
      </symbol>
      <symbol id="sm-29a">
         <name>gate</name>
         <value>0x20000334</value>
      </symbol>
      <symbol id="sm-29b">
         <name>state</name>
         <value>0x2000033b</value>
      </symbol>
      <symbol id="sm-29c">
         <name>timer</name>
         <value>0x20000330</value>
      </symbol>
      <symbol id="sm-29d">
         <name>bitA</name>
         <value>0x20000338</value>
      </symbol>
      <symbol id="sm-29e">
         <name>Ans</name>
         <value>0x20000336</value>
      </symbol>
      <symbol id="sm-29f">
         <name>levelNo</name>
         <value>0x2000032c</value>
      </symbol>
      <symbol id="sm-2a0">
         <name>next_home</name>
         <value>0x2000033a</value>
      </symbol>
      <symbol id="sm-2a1">
         <name>bitB</name>
         <value>0x20000328</value>
      </symbol>
      <symbol id="sm-2a2">
         <name>welcome_t</name>
         <value>0x2000033c</value>
      </symbol>
      <symbol id="sm-2a3">
         <name>Timer_Init</name>
         <value>0x4ab9</value>
         <object_component_ref idref="oc-2f"/>
      </symbol>
      <symbol id="sm-2a4">
         <name>TIMER0B_Handler</name>
         <value>0x4b31</value>
         <object_component_ref idref="oc-2f"/>
      </symbol>
      <symbol id="sm-376">
         <name>TFTLCD_ShowPicture</name>
         <value>0x10d5</value>
         <object_component_ref idref="oc-152"/>
      </symbol>
      <symbol id="sm-377">
         <name>asc2_1608</name>
         <value>0x51e8</value>
         <object_component_ref idref="oc-1ec"/>
      </symbol>
      <symbol id="sm-378">
         <name>TFTLCD_ExitSleep</name>
         <value>0x3d3</value>
         <object_component_ref idref="oc-152"/>
      </symbol>
      <symbol id="sm-379">
         <name>WriteData</name>
         <value>0x20000340</value>
         <object_component_ref idref="oc-1e9"/>
      </symbol>
      <symbol id="sm-37a">
         <name>TFTLCD_DrawVerticalLine</name>
         <value>0x1087</value>
         <object_component_ref idref="oc-152"/>
      </symbol>
      <symbol id="sm-37b">
         <name>TFTLCD_ShowData</name>
         <value>0xf2d</value>
         <object_component_ref idref="oc-152"/>
      </symbol>
      <symbol id="sm-37c">
         <name>TFTLCD_DrawHorizontalLine</name>
         <value>0x103d</value>
         <object_component_ref idref="oc-152"/>
      </symbol>
      <symbol id="sm-37d">
         <name>TFTLCD_ShowString</name>
         <value>0xe0b</value>
         <object_component_ref idref="oc-152"/>
      </symbol>
      <symbol id="sm-37e">
         <name>TFTLCD_REFRESH_GRAM</name>
         <value>0xc8d</value>
         <object_component_ref idref="oc-152"/>
      </symbol>
      <symbol id="sm-37f">
         <name>TFTLCD_CLEAR</name>
         <value>0xe6f</value>
         <object_component_ref idref="oc-152"/>
      </symbol>
      <symbol id="sm-380">
         <name>TFTLCD_SetPos</name>
         <value>0xca1</value>
         <object_component_ref idref="oc-152"/>
      </symbol>
      <symbol id="sm-381">
         <name>TFTLCD_EnterSleep</name>
         <value>0x353</value>
         <object_component_ref idref="oc-152"/>
      </symbol>
      <symbol id="sm-382">
         <name>InitGPIOLCDInterface</name>
         <value>0x295</value>
         <object_component_ref idref="oc-152"/>
      </symbol>
      <symbol id="sm-383">
         <name>TFTLCD_FillBlock</name>
         <value>0xec5</value>
         <object_component_ref idref="oc-152"/>
      </symbol>
      <symbol id="sm-384">
         <name>TFTLCD_TwinkleString</name>
         <value>0x1201</value>
         <object_component_ref idref="oc-152"/>
      </symbol>
      <symbol id="sm-385">
         <name>TFTLCD_ShowChar</name>
         <value>0xd7b</value>
         <object_component_ref idref="oc-152"/>
      </symbol>
      <symbol id="sm-386">
         <name>TFTLCD_showButton</name>
         <value>0x1771</value>
         <object_component_ref idref="oc-152"/>
      </symbol>
      <symbol id="sm-387">
         <name>TFTLCD_showLed</name>
         <value>0x1291</value>
         <object_component_ref idref="oc-152"/>
      </symbol>
      <symbol id="sm-388">
         <name>TFTLCD_ColorChangeChar</name>
         <value>0x1247</value>
         <object_component_ref idref="oc-152"/>
      </symbol>
      <symbol id="sm-389">
         <name>WriteCommand</name>
         <value>0x20000344</value>
         <object_component_ref idref="oc-1e9"/>
      </symbol>
      <symbol id="sm-38a">
         <name>TFTLCD_DrawPoint</name>
         <value>0xd59</value>
         <object_component_ref idref="oc-152"/>
      </symbol>
      <symbol id="sm-38b">
         <name>TFT_400x240_OTM4001Ainit</name>
         <value>0x489</value>
         <object_component_ref idref="oc-152"/>
      </symbol>
      <symbol id="sm-3a7">
         <name>EPIGPIOinit</name>
         <value>0x4845</value>
         <object_component_ref idref="oc-14c"/>
      </symbol>
      <symbol id="sm-3b7">
         <name>_c_int00</name>
         <value>0x4f09</value>
         <object_component_ref idref="oc-11"/>
      </symbol>
      <symbol id="sm-3b8">
         <name>__stack</name>
         <value>0x20000000</value>
         <object_component_ref idref="oc-28"/>
      </symbol>
      <symbol id="sm-3cf">
         <name>__TI_decompress_none</name>
         <value>0x517f</value>
         <object_component_ref idref="oc-16"/>
      </symbol>
      <symbol id="sm-3f3">
         <name>__TI_decompress_rle24</name>
         <value>0x51d7</value>
         <object_component_ref idref="oc-22"/>
      </symbol>
      <symbol id="sm-407">
         <name>__TI_zero_init</name>
         <value>0x514f</value>
         <object_component_ref idref="oc-1c"/>
      </symbol>
      <symbol id="sm-426">
         <name>C$$EXIT</name>
         <value>0x4f95</value>
         <object_component_ref idref="oc-43"/>
      </symbol>
      <symbol id="sm-427">
         <name>abort</name>
         <value>0x4f99</value>
         <object_component_ref idref="oc-43"/>
      </symbol>
      <symbol id="sm-428">
         <name>exit</name>
         <value>0x4fa1</value>
         <object_component_ref idref="oc-43"/>
      </symbol>
      <symbol id="sm-429">
         <name>__TI_dtors_ptr</name>
         <value>0x20000354</value>
         <object_component_ref idref="oc-d2"/>
      </symbol>
      <symbol id="sm-42a">
         <name>__TI_cleanup_ptr</name>
         <value>0x20000350</value>
         <object_component_ref idref="oc-d2"/>
      </symbol>
      <symbol id="sm-445">
         <name>memcpy</name>
         <value>0x4b7d</value>
         <object_component_ref idref="oc-4d"/>
      </symbol>
      <symbol id="sm-446">
         <name>__aeabi_memcpy</name>
         <value>0x4b7d</value>
         <object_component_ref idref="oc-4d"/>
      </symbol>
      <symbol id="sm-447">
         <name>__aeabi_memcpy8</name>
         <value>0x4b7d</value>
         <object_component_ref idref="oc-4d"/>
      </symbol>
      <symbol id="sm-448">
         <name>__aeabi_memcpy4</name>
         <value>0x4b7d</value>
         <object_component_ref idref="oc-4d"/>
      </symbol>
      <symbol id="sm-462">
         <name>rand</name>
         <value>0x4e8b</value>
         <object_component_ref idref="oc-20f"/>
      </symbol>
      <symbol id="sm-463">
         <name>srand</name>
         <value>0x4e75</value>
         <object_component_ref idref="oc-20f"/>
      </symbol>
      <symbol id="sm-46b">
         <name>main_func_sp</name>
         <value>0x2000035c</value>
         <object_component_ref idref="oc-49"/>
      </symbol>
      <symbol id="sm-47e">
         <name>time</name>
         <value>0x518d</value>
         <object_component_ref idref="oc-209"/>
      </symbol>
      <symbol id="sm-4a9">
         <name>HOSTgetenv</name>
         <value>0x43f3</value>
         <object_component_ref idref="oc-238"/>
      </symbol>
      <symbol id="sm-4aa">
         <name>HOSTrename</name>
         <value>0x429b</value>
         <object_component_ref idref="oc-238"/>
      </symbol>
      <symbol id="sm-4ab">
         <name>HOSTclose</name>
         <value>0x4431</value>
         <object_component_ref idref="oc-238"/>
      </symbol>
      <symbol id="sm-4ac">
         <name>HOSTunlink</name>
         <value>0x4229</value>
         <object_component_ref idref="oc-238"/>
      </symbol>
      <symbol id="sm-4ad">
         <name>HOSTlseek</name>
         <value>0x4397</value>
         <object_component_ref idref="oc-238"/>
      </symbol>
      <symbol id="sm-4ae">
         <name>HOSTopen</name>
         <value>0x4345</value>
         <object_component_ref idref="oc-238"/>
      </symbol>
      <symbol id="sm-4af">
         <name>HOSTclock</name>
         <value>0x4469</value>
         <object_component_ref idref="oc-238"/>
      </symbol>
      <symbol id="sm-4b0">
         <name>HOSTwrite</name>
         <value>0x41dd</value>
         <object_component_ref idref="oc-238"/>
      </symbol>
      <symbol id="sm-4b1">
         <name>HOSTread</name>
         <value>0x42f9</value>
         <object_component_ref idref="oc-238"/>
      </symbol>
      <symbol id="sm-4b2">
         <name>HOSTtime</name>
         <value>0x4261</value>
         <object_component_ref idref="oc-238"/>
      </symbol>
      <symbol id="sm-4cd">
         <name>__TI_readmsg</name>
         <value>0x4d3b</value>
         <object_component_ref idref="oc-255"/>
      </symbol>
      <symbol id="sm-4ce">
         <name>C$$IO$$</name>
         <value>0x4d37</value>
         <object_component_ref idref="oc-255"/>
      </symbol>
      <symbol id="sm-4cf">
         <name>__CIOBUF_</name>
         <value>0x20000200</value>
         <object_component_ref idref="oc-27b"/>
      </symbol>
      <symbol id="sm-4d0">
         <name>__TI_writemsg</name>
         <value>0x4d0d</value>
         <object_component_ref idref="oc-255"/>
      </symbol>
      <symbol id="sm-4e9">
         <name>_nop</name>
         <value>0x50ff</value>
         <object_component_ref idref="oc-166"/>
      </symbol>
      <symbol id="sm-4ea">
         <name>_lock</name>
         <value>0x20000348</value>
         <object_component_ref idref="oc-cf"/>
      </symbol>
      <symbol id="sm-4eb">
         <name>_unlock</name>
         <value>0x2000034c</value>
         <object_component_ref idref="oc-cf"/>
      </symbol>
      <symbol id="sm-4ec">
         <name>_register_lock</name>
         <value>0x50f7</value>
         <object_component_ref idref="oc-166"/>
      </symbol>
      <symbol id="sm-4ed">
         <name>_register_unlock</name>
         <value>0x50f1</value>
         <object_component_ref idref="oc-166"/>
      </symbol>
      <symbol id="sm-501">
         <name>_args_main</name>
         <value>0x50d9</value>
         <object_component_ref idref="oc-3d"/>
      </symbol>
      <symbol id="sm-51e">
         <name>__TI_auto_init</name>
         <value>0x4c19</value>
         <object_component_ref idref="oc-38"/>
      </symbol>
      <symbol id="sm-537">
         <name>copy_in</name>
         <value>0x4f51</value>
         <object_component_ref idref="oc-c0"/>
      </symbol>
      <symbol id="sm-545">
         <name>strcpy</name>
         <value>0x5161</value>
         <object_component_ref idref="oc-261"/>
      </symbol>
      <symbol id="sm-553">
         <name>strlen</name>
         <value>0x5105</value>
         <object_component_ref idref="oc-25b"/>
      </symbol>
      <symbol id="sm-590">
         <name>TimerLoadSet</name>
         <value>0x513d</value>
         <object_component_ref idref="oc-7a"/>
      </symbol>
      <symbol id="sm-591">
         <name>TimerEnable</name>
         <value>0x5171</value>
         <object_component_ref idref="oc-92"/>
      </symbol>
      <symbol id="sm-592">
         <name>TimerIntEnable</name>
         <value>0x51bd</value>
         <object_component_ref idref="oc-86"/>
      </symbol>
      <symbol id="sm-593">
         <name>TimerConfigure</name>
         <value>0x4dcd</value>
         <object_component_ref idref="oc-74"/>
      </symbol>
      <symbol id="sm-594">
         <name>TimerIntClear</name>
         <value>0x51e5</value>
         <object_component_ref idref="oc-9e"/>
      </symbol>
      <symbol id="sm-616">
         <name>SysCtlGPIOAHBEnable</name>
         <value>0x5089</value>
         <object_component_ref idref="oc-1e3"/>
      </symbol>
      <symbol id="sm-617">
         <name>SysCtlDelay</name>
         <value>0x51d1</value>
         <object_component_ref idref="oc-192"/>
      </symbol>
      <symbol id="sm-618">
         <name>SysCtlPeripheralEnable</name>
         <value>0x4fd9</value>
         <object_component_ref idref="oc-6e"/>
      </symbol>
      <symbol id="sm-619">
         <name>SysCtlClockFreqSet</name>
         <value>0x44b1</value>
         <object_component_ref idref="oc-146"/>
      </symbol>
      <symbol id="sm-648">
         <name>IntEnable</name>
         <value>0x4cad</value>
         <object_component_ref idref="oc-8c"/>
      </symbol>
      <symbol id="sm-649">
         <name>IntMasterEnable</name>
         <value>0x51b3</value>
         <object_component_ref idref="oc-80"/>
      </symbol>
      <symbol id="sm-68e">
         <name>GPIOPinTypeGPIOInput</name>
         <value>0x512b</value>
         <object_component_ref idref="oc-109"/>
      </symbol>
      <symbol id="sm-68f">
         <name>GPIOPinTypeGPIOOutput</name>
         <value>0x50c1</value>
         <object_component_ref idref="oc-10f"/>
      </symbol>
      <symbol id="sm-690">
         <name>GPIOPinRead</name>
         <value>0x51c5</value>
         <object_component_ref idref="oc-121"/>
      </symbol>
      <symbol id="sm-691">
         <name>GPIODirModeSet</name>
         <value>0x503d</value>
         <object_component_ref idref="oc-182"/>
      </symbol>
      <symbol id="sm-692">
         <name>GPIOPinWrite</name>
         <value>0x51cb</value>
         <object_component_ref idref="oc-115"/>
      </symbol>
      <symbol id="sm-693">
         <name>GPIOPadConfigSet</name>
         <value>0x4989</value>
         <object_component_ref idref="oc-188"/>
      </symbol>
      <symbol id="sm-694">
         <name>GPIOPinTypeEPI</name>
         <value>0x5119</value>
         <object_component_ref idref="oc-1ca"/>
      </symbol>
      <symbol id="sm-6b1">
         <name>EPIModeSet</name>
         <value>0x51e1</value>
         <object_component_ref idref="oc-1d0"/>
      </symbol>
      <symbol id="sm-6b2">
         <name>EPIConfigHB16Set</name>
         <value>0x5067</value>
         <object_component_ref idref="oc-1d6"/>
      </symbol>
      <symbol id="sm-6b3">
         <name>EPIAddressMapSet</name>
         <value>0x51dd</value>
         <object_component_ref idref="oc-1dc"/>
      </symbol>
      <symbol id="sm-6bd">
         <name>CPUcpsie</name>
         <value>0x519b</value>
         <object_component_ref idref="oc-f6"/>
      </symbol>
      <symbol id="sm-6be">
         <name>__TI_static_base__</name>
         <value>0x0</value>
      </symbol>
      <symbol id="sm-6bf">
         <name>__TI_args_main</name>
         <value>0x1</value>
      </symbol>
      <symbol id="sm-6c0">
         <name>SHT$$INIT_ARRAY$$Limit</name>
         <value>0x0</value>
      </symbol>
      <symbol id="sm-6c1">
         <name>SHT$$INIT_ARRAY$$Base</name>
         <value>0x0</value>
      </symbol>
   </symbol_table>
   <title>Link successful</title>
</link_info>
